2025-03-28T15:01:37.324439+00:00 rajesh kernel: Linux version 6.11.0-21-generic (buildd@lcy02-amd64-097) (x86_64-linux-gnu-gcc-13 (Ubuntu 13.3.0-6ubuntu2~24.04) 13.3.0, GNU ld (GNU Binutils for Ubuntu) 2.42) #21~24.04.1-Ubuntu SMP PREEMPT_DYNAMIC Mon Feb 24 16:52:15 UTC 2 (Ubuntu 6.11.0-21.21~24.04.1-generic 6.11.11)
2025-03-28T15:01:37.330877+00:00 rajesh kernel: Command line: BOOT_IMAGE=/boot/vmlinuz-6.11.0-21-generic root=UUID=e93c26c5-3acd-4297-99b7-3b9f401b4849 ro quiet splash
2025-03-28T15:01:37.330893+00:00 rajesh kernel: KERNEL supported cpus:
2025-03-28T15:01:37.330896+00:00 rajesh kernel:   Intel GenuineIntel
2025-03-28T15:01:37.330899+00:00 rajesh kernel:   AMD AuthenticAMD
2025-03-28T15:01:37.330901+00:00 rajesh kernel:   Hygon HygonGenuine
2025-03-28T15:01:37.330923+00:00 rajesh kernel:   Centaur CentaurHauls
2025-03-28T15:01:37.330926+00:00 rajesh kernel:   zhaoxin   Shanghai  
2025-03-28T15:01:37.330929+00:00 rajesh kernel: Disabled fast string operations
2025-03-28T15:01:37.330931+00:00 rajesh kernel: BIOS-provided physical RAM map:
2025-03-28T15:01:37.330934+00:00 rajesh kernel: BIOS-e820: [mem 0x0000000000000000-0x000000000009e7ff] usable
2025-03-28T15:01:37.330937+00:00 rajesh kernel: BIOS-e820: [mem 0x000000000009e800-0x000000000009ffff] reserved
2025-03-28T15:01:37.330939+00:00 rajesh kernel: BIOS-e820: [mem 0x00000000000dc000-0x00000000000fffff] reserved
2025-03-28T15:01:37.330950+00:00 rajesh kernel: BIOS-e820: [mem 0x0000000000100000-0x00000000bfecffff] usable
2025-03-28T15:01:37.330953+00:00 rajesh kernel: BIOS-e820: [mem 0x00000000bfed0000-0x00000000bfefefff] ACPI data
2025-03-28T15:01:37.330955+00:00 rajesh kernel: BIOS-e820: [mem 0x00000000bfeff000-0x00000000bfefffff] ACPI NVS
2025-03-28T15:01:37.330958+00:00 rajesh kernel: BIOS-e820: [mem 0x00000000bff00000-0x00000000bfffffff] usable
2025-03-28T15:01:37.330959+00:00 rajesh kernel: BIOS-e820: [mem 0x00000000f0000000-0x00000000f7ffffff] reserved
2025-03-28T15:01:37.330961+00:00 rajesh kernel: BIOS-e820: [mem 0x00000000fec00000-0x00000000fec0ffff] reserved
2025-03-28T15:01:37.330971+00:00 rajesh kernel: BIOS-e820: [mem 0x00000000fee00000-0x00000000fee00fff] reserved
2025-03-28T15:01:37.330974+00:00 rajesh kernel: BIOS-e820: [mem 0x00000000fffe0000-0x00000000ffffffff] reserved
2025-03-28T15:01:37.330976+00:00 rajesh kernel: BIOS-e820: [mem 0x0000000100000000-0x000000013fffffff] usable
2025-03-28T15:01:37.330978+00:00 rajesh kernel: NX (Execute Disable) protection: active
2025-03-28T15:01:37.330980+00:00 rajesh kernel: APIC: Static calls initialized
2025-03-28T15:01:37.330982+00:00 rajesh kernel: SMBIOS 2.7 present.
2025-03-28T15:01:37.330984+00:00 rajesh kernel: DMI: VMware, Inc. VMware Virtual Platform/440BX Desktop Reference Platform, BIOS 6.00 11/12/2020
2025-03-28T15:01:37.330994+00:00 rajesh kernel: DMI: Memory slots populated: 1/128
2025-03-28T15:01:37.330997+00:00 rajesh kernel: vmware: hypercall mode: 0x02
2025-03-28T15:01:37.330999+00:00 rajesh kernel: Hypervisor detected: VMware
2025-03-28T15:01:37.331001+00:00 rajesh kernel: vmware: TSC freq read from hypervisor : 1800.001 MHz
2025-03-28T15:01:37.331003+00:00 rajesh kernel: vmware: Host bus clock speed read from hypervisor : 66000000 Hz
2025-03-28T15:01:37.331005+00:00 rajesh kernel: vmware: using clock offset of 10936690084 ns
2025-03-28T15:01:37.331014+00:00 rajesh kernel: tsc: Detected 1800.001 MHz processor
2025-03-28T15:01:37.331017+00:00 rajesh kernel: e820: update [mem 0x00000000-0x00000fff] usable ==> reserved
2025-03-28T15:01:37.331019+00:00 rajesh kernel: e820: remove [mem 0x000a0000-0x000fffff] usable
2025-03-28T15:01:37.331021+00:00 rajesh kernel: last_pfn = 0x140000 max_arch_pfn = 0x400000000
2025-03-28T15:01:37.331023+00:00 rajesh kernel: total RAM covered: 130048M
2025-03-28T15:01:37.331025+00:00 rajesh kernel: Found optimal setting for mtrr clean up
2025-03-28T15:01:37.331034+00:00 rajesh kernel:  gran_size: 64K 	chunk_size: 64K 	num_reg: 7  	lose cover RAM: 0G
2025-03-28T15:01:37.331037+00:00 rajesh kernel: MTRR map: 7 entries (5 fixed + 2 variable; max 21), built from 8 variable MTRRs
2025-03-28T15:01:37.331039+00:00 rajesh kernel: x86/PAT: Configuration [0-7]: WB  WC  UC- UC  WB  WP  UC- WT  
2025-03-28T15:01:37.331041+00:00 rajesh kernel: e820: update [mem 0xc0000000-0xffffffff] usable ==> reserved
2025-03-28T15:01:37.331043+00:00 rajesh kernel: last_pfn = 0xc0000 max_arch_pfn = 0x400000000
2025-03-28T15:01:37.331045+00:00 rajesh kernel: found SMP MP-table at [mem 0x000f6a70-0x000f6a7f]
2025-03-28T15:01:37.331047+00:00 rajesh kernel: Using GB pages for direct mapping
2025-03-28T15:01:37.331057+00:00 rajesh kernel: RAMDISK: [mem 0x2fd85000-0x33eb9fff]
2025-03-28T15:01:37.331059+00:00 rajesh kernel: ACPI: Early table checksum verification disabled
2025-03-28T15:01:37.331061+00:00 rajesh kernel: ACPI: RSDP 0x00000000000F6A00 000024 (v02 PTLTD )
2025-03-28T15:01:37.331063+00:00 rajesh kernel: ACPI: XSDT 0x00000000BFEDC633 00005C (v01 INTEL  440BX    06040000 VMW  01324272)
2025-03-28T15:01:37.331066+00:00 rajesh kernel: ACPI: FACP 0x00000000BFEFEE73 0000F4 (v04 INTEL  440BX    06040000 PTL  000F4240)
2025-03-28T15:01:37.331068+00:00 rajesh kernel: ACPI: DSDT 0x00000000BFEDD9E8 02148B (v01 PTLTD  Custom   06040000 MSFT 03000001)
2025-03-28T15:01:37.331079+00:00 rajesh kernel: ACPI: FACS 0x00000000BFEFFFC0 000040
2025-03-28T15:01:37.331082+00:00 rajesh kernel: ACPI: FACS 0x00000000BFEFFFC0 000040
2025-03-28T15:01:37.331090+00:00 rajesh kernel: ACPI: BOOT 0x00000000BFEDD9C0 000028 (v01 PTLTD  $SBFTBL$ 06040000  LTP 00000001)
2025-03-28T15:01:37.331093+00:00 rajesh kernel: ACPI: APIC 0x00000000BFEDD27E 000742 (v01 PTLTD  ? APIC   06040000  LTP 00000000)
2025-03-28T15:01:37.331095+00:00 rajesh kernel: ACPI: MCFG 0x00000000BFEDD242 00003C (v01 PTLTD  $PCITBL$ 06040000  LTP 00000001)
2025-03-28T15:01:37.331098+00:00 rajesh kernel: ACPI: SRAT 0x00000000BFEDC72F 0008D0 (v02 VMWARE MEMPLUG  06040000 VMW  00000001)
2025-03-28T15:01:37.331108+00:00 rajesh kernel: ACPI: HPET 0x00000000BFEDC6F7 000038 (v01 VMWARE VMW HPET 06040000 VMW  00000001)
2025-03-28T15:01:37.331111+00:00 rajesh kernel: ACPI: WAET 0x00000000BFEDC6CF 000028 (v01 VMWARE VMW WAET 06040000 VMW  00000001)
2025-03-28T15:01:37.331114+00:00 rajesh kernel: ACPI: Reserving FACP table memory at [mem 0xbfefee73-0xbfefef66]
2025-03-28T15:01:37.331116+00:00 rajesh kernel: ACPI: Reserving DSDT table memory at [mem 0xbfedd9e8-0xbfefee72]
2025-03-28T15:01:37.331118+00:00 rajesh kernel: ACPI: Reserving FACS table memory at [mem 0xbfefffc0-0xbfefffff]
2025-03-28T15:01:37.331120+00:00 rajesh kernel: ACPI: Reserving FACS table memory at [mem 0xbfefffc0-0xbfefffff]
2025-03-28T15:01:37.331125+00:00 rajesh kernel: ACPI: Reserving BOOT table memory at [mem 0xbfedd9c0-0xbfedd9e7]
2025-03-28T15:01:37.331136+00:00 rajesh kernel: ACPI: Reserving APIC table memory at [mem 0xbfedd27e-0xbfedd9bf]
2025-03-28T15:01:37.331139+00:00 rajesh kernel: ACPI: Reserving MCFG table memory at [mem 0xbfedd242-0xbfedd27d]
2025-03-28T15:01:37.331141+00:00 rajesh kernel: ACPI: Reserving SRAT table memory at [mem 0xbfedc72f-0xbfedcffe]
2025-03-28T15:01:37.331144+00:00 rajesh kernel: ACPI: Reserving HPET table memory at [mem 0xbfedc6f7-0xbfedc72e]
2025-03-28T15:01:37.331196+00:00 rajesh kernel: ACPI: Reserving WAET table memory at [mem 0xbfedc6cf-0xbfedc6f6]
2025-03-28T15:01:37.331200+00:00 rajesh kernel: SRAT: PXM 0 -> APIC 0x00 -> Node 0
2025-03-28T15:01:37.331218+00:00 rajesh kernel: SRAT: PXM 0 -> APIC 0x02 -> Node 0
2025-03-28T15:01:37.331222+00:00 rajesh kernel: SRAT: PXM 0 -> APIC 0x04 -> Node 0
2025-03-28T15:01:37.331225+00:00 rajesh kernel: SRAT: PXM 0 -> APIC 0x06 -> Node 0
2025-03-28T15:01:37.331226+00:00 rajesh kernel: SRAT: PXM 0 -> APIC 0x08 -> Node 0
2025-03-28T15:01:37.331228+00:00 rajesh kernel: SRAT: PXM 0 -> APIC 0x0a -> Node 0
2025-03-28T15:01:37.331229+00:00 rajesh kernel: SRAT: PXM 0 -> APIC 0x0c -> Node 0
2025-03-28T15:01:37.331249+00:00 rajesh kernel: SRAT: PXM 0 -> APIC 0x0e -> Node 0
2025-03-28T15:01:37.331251+00:00 rajesh kernel: SRAT: PXM 0 -> APIC 0x10 -> Node 0
2025-03-28T15:01:37.331253+00:00 rajesh kernel: SRAT: PXM 0 -> APIC 0x12 -> Node 0
2025-03-28T15:01:37.331254+00:00 rajesh kernel: SRAT: PXM 0 -> APIC 0x14 -> Node 0
2025-03-28T15:01:37.331256+00:00 rajesh kernel: SRAT: PXM 0 -> APIC 0x16 -> Node 0
2025-03-28T15:01:37.331257+00:00 rajesh kernel: SRAT: PXM 0 -> APIC 0x18 -> Node 0
2025-03-28T15:01:37.331258+00:00 rajesh kernel: SRAT: PXM 0 -> APIC 0x1a -> Node 0
2025-03-28T15:01:37.331265+00:00 rajesh kernel: SRAT: PXM 0 -> APIC 0x1c -> Node 0
2025-03-28T15:01:37.331266+00:00 rajesh kernel: SRAT: PXM 0 -> APIC 0x1e -> Node 0
2025-03-28T15:01:37.331268+00:00 rajesh kernel: SRAT: PXM 0 -> APIC 0x20 -> Node 0
2025-03-28T15:01:37.331269+00:00 rajesh kernel: SRAT: PXM 0 -> APIC 0x22 -> Node 0
2025-03-28T15:01:37.331271+00:00 rajesh kernel: SRAT: PXM 0 -> APIC 0x24 -> Node 0
2025-03-28T15:01:37.331272+00:00 rajesh kernel: SRAT: PXM 0 -> APIC 0x26 -> Node 0
2025-03-28T15:01:37.331278+00:00 rajesh kernel: SRAT: PXM 0 -> APIC 0x28 -> Node 0
2025-03-28T15:01:37.331280+00:00 rajesh kernel: SRAT: PXM 0 -> APIC 0x2a -> Node 0
2025-03-28T15:01:37.331281+00:00 rajesh kernel: SRAT: PXM 0 -> APIC 0x2c -> Node 0
2025-03-28T15:01:37.331283+00:00 rajesh kernel: SRAT: PXM 0 -> APIC 0x2e -> Node 0
2025-03-28T15:01:37.331284+00:00 rajesh kernel: SRAT: PXM 0 -> APIC 0x30 -> Node 0
2025-03-28T15:01:37.331286+00:00 rajesh kernel: SRAT: PXM 0 -> APIC 0x32 -> Node 0
2025-03-28T15:01:37.331287+00:00 rajesh kernel: SRAT: PXM 0 -> APIC 0x34 -> Node 0
2025-03-28T15:01:37.331293+00:00 rajesh kernel: SRAT: PXM 0 -> APIC 0x36 -> Node 0
2025-03-28T15:01:37.331295+00:00 rajesh kernel: SRAT: PXM 0 -> APIC 0x38 -> Node 0
2025-03-28T15:01:37.331297+00:00 rajesh kernel: SRAT: PXM 0 -> APIC 0x3a -> Node 0
2025-03-28T15:01:37.331298+00:00 rajesh kernel: SRAT: PXM 0 -> APIC 0x3c -> Node 0
2025-03-28T15:01:37.331299+00:00 rajesh kernel: SRAT: PXM 0 -> APIC 0x3e -> Node 0
2025-03-28T15:01:37.331301+00:00 rajesh kernel: SRAT: PXM 0 -> APIC 0x40 -> Node 0
2025-03-28T15:01:37.331307+00:00 rajesh kernel: SRAT: PXM 0 -> APIC 0x42 -> Node 0
2025-03-28T15:01:37.331309+00:00 rajesh kernel: SRAT: PXM 0 -> APIC 0x44 -> Node 0
2025-03-28T15:01:37.331310+00:00 rajesh kernel: SRAT: PXM 0 -> APIC 0x46 -> Node 0
2025-03-28T15:01:37.331312+00:00 rajesh kernel: SRAT: PXM 0 -> APIC 0x48 -> Node 0
2025-03-28T15:01:37.331313+00:00 rajesh kernel: SRAT: PXM 0 -> APIC 0x4a -> Node 0
2025-03-28T15:01:37.331315+00:00 rajesh kernel: SRAT: PXM 0 -> APIC 0x4c -> Node 0
2025-03-28T15:01:37.331320+00:00 rajesh kernel: SRAT: PXM 0 -> APIC 0x4e -> Node 0
2025-03-28T15:01:37.331322+00:00 rajesh kernel: SRAT: PXM 0 -> APIC 0x50 -> Node 0
2025-03-28T15:01:37.331324+00:00 rajesh kernel: SRAT: PXM 0 -> APIC 0x52 -> Node 0
2025-03-28T15:01:37.331325+00:00 rajesh kernel: SRAT: PXM 0 -> APIC 0x54 -> Node 0
2025-03-28T15:01:37.331327+00:00 rajesh kernel: SRAT: PXM 0 -> APIC 0x56 -> Node 0
2025-03-28T15:01:37.331328+00:00 rajesh kernel: SRAT: PXM 0 -> APIC 0x58 -> Node 0
2025-03-28T15:01:37.331329+00:00 rajesh kernel: SRAT: PXM 0 -> APIC 0x5a -> Node 0
2025-03-28T15:01:37.331335+00:00 rajesh kernel: SRAT: PXM 0 -> APIC 0x5c -> Node 0
2025-03-28T15:01:37.331337+00:00 rajesh kernel: SRAT: PXM 0 -> APIC 0x5e -> Node 0
2025-03-28T15:01:37.331338+00:00 rajesh kernel: SRAT: PXM 0 -> APIC 0x60 -> Node 0
2025-03-28T15:01:37.331340+00:00 rajesh kernel: SRAT: PXM 0 -> APIC 0x62 -> Node 0
2025-03-28T15:01:37.331341+00:00 rajesh kernel: SRAT: PXM 0 -> APIC 0x64 -> Node 0
2025-03-28T15:01:37.331343+00:00 rajesh kernel: SRAT: PXM 0 -> APIC 0x66 -> Node 0
2025-03-28T15:01:37.331751+00:00 rajesh kernel: SRAT: PXM 0 -> APIC 0x68 -> Node 0
2025-03-28T15:01:37.331918+00:00 rajesh kernel: SRAT: PXM 0 -> APIC 0x6a -> Node 0
2025-03-28T15:01:37.331924+00:00 rajesh kernel: SRAT: PXM 0 -> APIC 0x6c -> Node 0
2025-03-28T15:01:37.331927+00:00 rajesh kernel: SRAT: PXM 0 -> APIC 0x6e -> Node 0
2025-03-28T15:01:37.331929+00:00 rajesh kernel: SRAT: PXM 0 -> APIC 0x70 -> Node 0
2025-03-28T15:01:37.331931+00:00 rajesh kernel: SRAT: PXM 0 -> APIC 0x72 -> Node 0
2025-03-28T15:01:37.331934+00:00 rajesh kernel: SRAT: PXM 0 -> APIC 0x74 -> Node 0
2025-03-28T15:01:37.331964+00:00 rajesh kernel: SRAT: PXM 0 -> APIC 0x76 -> Node 0
2025-03-28T15:01:37.331968+00:00 rajesh kernel: SRAT: PXM 0 -> APIC 0x78 -> Node 0
2025-03-28T15:01:37.331970+00:00 rajesh kernel: SRAT: PXM 0 -> APIC 0x7a -> Node 0
2025-03-28T15:01:37.331972+00:00 rajesh kernel: SRAT: PXM 0 -> APIC 0x7c -> Node 0
2025-03-28T15:01:37.331975+00:00 rajesh kernel: SRAT: PXM 0 -> APIC 0x7e -> Node 0
2025-03-28T15:01:37.331977+00:00 rajesh kernel: SRAT: PXM 0 -> APIC 0x80 -> Node 0
2025-03-28T15:01:37.331989+00:00 rajesh kernel: SRAT: PXM 0 -> APIC 0x82 -> Node 0
2025-03-28T15:01:37.331992+00:00 rajesh kernel: SRAT: PXM 0 -> APIC 0x84 -> Node 0
2025-03-28T15:01:37.331995+00:00 rajesh kernel: SRAT: PXM 0 -> APIC 0x86 -> Node 0
2025-03-28T15:01:37.331998+00:00 rajesh kernel: SRAT: PXM 0 -> APIC 0x88 -> Node 0
2025-03-28T15:01:37.332000+00:00 rajesh kernel: SRAT: PXM 0 -> APIC 0x8a -> Node 0
2025-03-28T15:01:37.332002+00:00 rajesh kernel: SRAT: PXM 0 -> APIC 0x8c -> Node 0
2025-03-28T15:01:37.332012+00:00 rajesh kernel: SRAT: PXM 0 -> APIC 0x8e -> Node 0
2025-03-28T15:01:37.332015+00:00 rajesh kernel: SRAT: PXM 0 -> APIC 0x90 -> Node 0
2025-03-28T15:01:37.332018+00:00 rajesh kernel: SRAT: PXM 0 -> APIC 0x92 -> Node 0
2025-03-28T15:01:37.332020+00:00 rajesh kernel: SRAT: PXM 0 -> APIC 0x94 -> Node 0
2025-03-28T15:01:37.332022+00:00 rajesh kernel: SRAT: PXM 0 -> APIC 0x96 -> Node 0
2025-03-28T15:01:37.332025+00:00 rajesh kernel: SRAT: PXM 0 -> APIC 0x98 -> Node 0
2025-03-28T15:01:37.332027+00:00 rajesh kernel: SRAT: PXM 0 -> APIC 0x9a -> Node 0
2025-03-28T15:01:37.332112+00:00 rajesh kernel: SRAT: PXM 0 -> APIC 0x9c -> Node 0
2025-03-28T15:01:37.332115+00:00 rajesh kernel: SRAT: PXM 0 -> APIC 0x9e -> Node 0
2025-03-28T15:01:37.332116+00:00 rajesh kernel: SRAT: PXM 0 -> APIC 0xa0 -> Node 0
2025-03-28T15:01:37.332118+00:00 rajesh kernel: SRAT: PXM 0 -> APIC 0xa2 -> Node 0
2025-03-28T15:01:37.332119+00:00 rajesh kernel: SRAT: PXM 0 -> APIC 0xa4 -> Node 0
2025-03-28T15:01:37.332121+00:00 rajesh kernel: SRAT: PXM 0 -> APIC 0xa6 -> Node 0
2025-03-28T15:01:37.332200+00:00 rajesh kernel: SRAT: PXM 0 -> APIC 0xa8 -> Node 0
2025-03-28T15:01:37.332206+00:00 rajesh kernel: SRAT: PXM 0 -> APIC 0xaa -> Node 0
2025-03-28T15:01:37.332208+00:00 rajesh kernel: SRAT: PXM 0 -> APIC 0xac -> Node 0
2025-03-28T15:01:37.332209+00:00 rajesh kernel: SRAT: PXM 0 -> APIC 0xae -> Node 0
2025-03-28T15:01:37.332211+00:00 rajesh kernel: SRAT: PXM 0 -> APIC 0xb0 -> Node 0
2025-03-28T15:01:37.332212+00:00 rajesh kernel: SRAT: PXM 0 -> APIC 0xb2 -> Node 0
2025-03-28T15:01:37.332213+00:00 rajesh kernel: SRAT: PXM 0 -> APIC 0xb4 -> Node 0
2025-03-28T15:01:37.332222+00:00 rajesh kernel: SRAT: PXM 0 -> APIC 0xb6 -> Node 0
2025-03-28T15:01:37.332224+00:00 rajesh kernel: SRAT: PXM 0 -> APIC 0xb8 -> Node 0
2025-03-28T15:01:37.332226+00:00 rajesh kernel: SRAT: PXM 0 -> APIC 0xba -> Node 0
2025-03-28T15:01:37.332227+00:00 rajesh kernel: SRAT: PXM 0 -> APIC 0xbc -> Node 0
2025-03-28T15:01:37.332228+00:00 rajesh kernel: SRAT: PXM 0 -> APIC 0xbe -> Node 0
2025-03-28T15:01:37.332230+00:00 rajesh kernel: SRAT: PXM 0 -> APIC 0xc0 -> Node 0
2025-03-28T15:01:37.332236+00:00 rajesh kernel: SRAT: PXM 0 -> APIC 0xc2 -> Node 0
2025-03-28T15:01:37.332238+00:00 rajesh kernel: SRAT: PXM 0 -> APIC 0xc4 -> Node 0
2025-03-28T15:01:37.332240+00:00 rajesh kernel: SRAT: PXM 0 -> APIC 0xc6 -> Node 0
2025-03-28T15:01:37.332241+00:00 rajesh kernel: SRAT: PXM 0 -> APIC 0xc8 -> Node 0
2025-03-28T15:01:37.332243+00:00 rajesh kernel: SRAT: PXM 0 -> APIC 0xca -> Node 0
2025-03-28T15:01:37.332244+00:00 rajesh kernel: SRAT: PXM 0 -> APIC 0xcc -> Node 0
2025-03-28T15:01:37.332251+00:00 rajesh kernel: SRAT: PXM 0 -> APIC 0xce -> Node 0
2025-03-28T15:01:37.332252+00:00 rajesh kernel: SRAT: PXM 0 -> APIC 0xd0 -> Node 0
2025-03-28T15:01:37.332254+00:00 rajesh kernel: SRAT: PXM 0 -> APIC 0xd2 -> Node 0
2025-03-28T15:01:37.332255+00:00 rajesh kernel: SRAT: PXM 0 -> APIC 0xd4 -> Node 0
2025-03-28T15:01:37.332257+00:00 rajesh kernel: SRAT: PXM 0 -> APIC 0xd6 -> Node 0
2025-03-28T15:01:37.332258+00:00 rajesh kernel: SRAT: PXM 0 -> APIC 0xd8 -> Node 0
2025-03-28T15:01:37.332259+00:00 rajesh kernel: SRAT: PXM 0 -> APIC 0xda -> Node 0
2025-03-28T15:01:37.332265+00:00 rajesh kernel: SRAT: PXM 0 -> APIC 0xdc -> Node 0
2025-03-28T15:01:37.332267+00:00 rajesh kernel: SRAT: PXM 0 -> APIC 0xde -> Node 0
2025-03-28T15:01:37.332268+00:00 rajesh kernel: SRAT: PXM 0 -> APIC 0xe0 -> Node 0
2025-03-28T15:01:37.332270+00:00 rajesh kernel: SRAT: PXM 0 -> APIC 0xe2 -> Node 0
2025-03-28T15:01:37.332271+00:00 rajesh kernel: SRAT: PXM 0 -> APIC 0xe4 -> Node 0
2025-03-28T15:01:37.332272+00:00 rajesh kernel: SRAT: PXM 0 -> APIC 0xe6 -> Node 0
2025-03-28T15:01:37.332278+00:00 rajesh kernel: SRAT: PXM 0 -> APIC 0xe8 -> Node 0
2025-03-28T15:01:37.332280+00:00 rajesh kernel: SRAT: PXM 0 -> APIC 0xea -> Node 0
2025-03-28T15:01:37.332281+00:00 rajesh kernel: SRAT: PXM 0 -> APIC 0xec -> Node 0
2025-03-28T15:01:37.332283+00:00 rajesh kernel: SRAT: PXM 0 -> APIC 0xee -> Node 0
2025-03-28T15:01:37.332284+00:00 rajesh kernel: SRAT: PXM 0 -> APIC 0xf0 -> Node 0
2025-03-28T15:01:37.332286+00:00 rajesh kernel: SRAT: PXM 0 -> APIC 0xf2 -> Node 0
2025-03-28T15:01:37.332287+00:00 rajesh kernel: SRAT: PXM 0 -> APIC 0xf4 -> Node 0
2025-03-28T15:01:37.332293+00:00 rajesh kernel: SRAT: PXM 0 -> APIC 0xf6 -> Node 0
2025-03-28T15:01:37.332295+00:00 rajesh kernel: SRAT: PXM 0 -> APIC 0xf8 -> Node 0
2025-03-28T15:01:37.332296+00:00 rajesh kernel: SRAT: PXM 0 -> APIC 0xfa -> Node 0
2025-03-28T15:01:37.332297+00:00 rajesh kernel: SRAT: PXM 0 -> APIC 0xfc -> Node 0
2025-03-28T15:01:37.332299+00:00 rajesh kernel: SRAT: PXM 0 -> APIC 0xfe -> Node 0
2025-03-28T15:01:37.332300+00:00 rajesh kernel: ACPI: SRAT: Node 0 PXM 0 [mem 0x00000000-0x0009ffff]
2025-03-28T15:01:37.332306+00:00 rajesh kernel: ACPI: SRAT: Node 0 PXM 0 [mem 0x00100000-0xbfffffff]
2025-03-28T15:01:37.332308+00:00 rajesh kernel: ACPI: SRAT: Node 0 PXM 0 [mem 0x100000000-0x13fffffff]
2025-03-28T15:01:37.332310+00:00 rajesh kernel: ACPI: SRAT: Node 0 PXM 0 [mem 0x140000000-0x103fffffff] hotplug
2025-03-28T15:01:37.332311+00:00 rajesh kernel: NUMA: Node 0 [mem 0x00000000-0x0009ffff] + [mem 0x00100000-0xbfffffff] -> [mem 0x00000000-0xbfffffff]
2025-03-28T15:01:37.332314+00:00 rajesh kernel: NUMA: Node 0 [mem 0x00000000-0xbfffffff] + [mem 0x100000000-0x13fffffff] -> [mem 0x00000000-0x13fffffff]
2025-03-28T15:01:37.332315+00:00 rajesh kernel: NODE_DATA(0) allocated [mem 0x13ffd3000-0x13fffdfff]
2025-03-28T15:01:37.332348+00:00 rajesh kernel: Zone ranges:
2025-03-28T15:01:37.332351+00:00 rajesh kernel:   DMA      [mem 0x0000000000001000-0x0000000000ffffff]
2025-03-28T15:01:37.332352+00:00 rajesh kernel:   DMA32    [mem 0x0000000001000000-0x00000000ffffffff]
2025-03-28T15:01:37.332353+00:00 rajesh kernel:   Normal   [mem 0x0000000100000000-0x000000013fffffff]
2025-03-28T15:01:37.332355+00:00 rajesh kernel:   Device   empty
2025-03-28T15:01:37.332357+00:00 rajesh kernel: Movable zone start for each node
2025-03-28T15:01:37.332374+00:00 rajesh kernel: Early memory node ranges
2025-03-28T15:01:37.332378+00:00 rajesh kernel:   node   0: [mem 0x0000000000001000-0x000000000009dfff]
2025-03-28T15:01:37.332380+00:00 rajesh kernel:   node   0: [mem 0x0000000000100000-0x00000000bfecffff]
2025-03-28T15:01:37.332382+00:00 rajesh kernel:   node   0: [mem 0x00000000bff00000-0x00000000bfffffff]
2025-03-28T15:01:37.332385+00:00 rajesh kernel:   node   0: [mem 0x0000000100000000-0x000000013fffffff]
2025-03-28T15:01:37.332387+00:00 rajesh kernel: Initmem setup node 0 [mem 0x0000000000001000-0x000000013fffffff]
2025-03-28T15:01:37.332389+00:00 rajesh kernel: On node 0, zone DMA: 1 pages in unavailable ranges
2025-03-28T15:01:37.332406+00:00 rajesh kernel: On node 0, zone DMA: 98 pages in unavailable ranges
2025-03-28T15:01:37.332409+00:00 rajesh kernel: On node 0, zone DMA32: 48 pages in unavailable ranges
2025-03-28T15:01:37.332411+00:00 rajesh kernel: ACPI: PM-Timer IO Port: 0x1008
2025-03-28T15:01:37.332413+00:00 rajesh kernel: ACPI: LAPIC_NMI (acpi_id[0x00] high edge lint[0x1])
2025-03-28T15:01:37.332415+00:00 rajesh kernel: ACPI: LAPIC_NMI (acpi_id[0x01] high edge lint[0x1])
2025-03-28T15:01:37.332418+00:00 rajesh kernel: ACPI: LAPIC_NMI (acpi_id[0x02] high edge lint[0x1])
2025-03-28T15:01:37.332434+00:00 rajesh kernel: ACPI: LAPIC_NMI (acpi_id[0x03] high edge lint[0x1])
2025-03-28T15:01:37.332437+00:00 rajesh kernel: ACPI: LAPIC_NMI (acpi_id[0x04] high edge lint[0x1])
2025-03-28T15:01:37.332439+00:00 rajesh kernel: ACPI: LAPIC_NMI (acpi_id[0x05] high edge lint[0x1])
2025-03-28T15:01:37.332442+00:00 rajesh kernel: ACPI: LAPIC_NMI (acpi_id[0x06] high edge lint[0x1])
2025-03-28T15:01:37.332444+00:00 rajesh kernel: ACPI: LAPIC_NMI (acpi_id[0x07] high edge lint[0x1])
2025-03-28T15:01:37.332446+00:00 rajesh kernel: ACPI: LAPIC_NMI (acpi_id[0x08] high edge lint[0x1])
2025-03-28T15:01:37.332449+00:00 rajesh kernel: ACPI: LAPIC_NMI (acpi_id[0x09] high edge lint[0x1])
2025-03-28T15:01:37.332465+00:00 rajesh kernel: ACPI: LAPIC_NMI (acpi_id[0x0a] high edge lint[0x1])
2025-03-28T15:01:37.332469+00:00 rajesh kernel: ACPI: LAPIC_NMI (acpi_id[0x0b] high edge lint[0x1])
2025-03-28T15:01:37.332471+00:00 rajesh kernel: ACPI: LAPIC_NMI (acpi_id[0x0c] high edge lint[0x1])
2025-03-28T15:01:37.332473+00:00 rajesh kernel: ACPI: LAPIC_NMI (acpi_id[0x0d] high edge lint[0x1])
2025-03-28T15:01:37.332475+00:00 rajesh kernel: ACPI: LAPIC_NMI (acpi_id[0x0e] high edge lint[0x1])
2025-03-28T15:01:37.332478+00:00 rajesh kernel: ACPI: LAPIC_NMI (acpi_id[0x0f] high edge lint[0x1])
2025-03-28T15:01:37.332494+00:00 rajesh kernel: ACPI: LAPIC_NMI (acpi_id[0x10] high edge lint[0x1])
2025-03-28T15:01:37.332497+00:00 rajesh kernel: ACPI: LAPIC_NMI (acpi_id[0x11] high edge lint[0x1])
2025-03-28T15:01:37.332499+00:00 rajesh kernel: ACPI: LAPIC_NMI (acpi_id[0x12] high edge lint[0x1])
2025-03-28T15:01:37.332501+00:00 rajesh kernel: ACPI: LAPIC_NMI (acpi_id[0x13] high edge lint[0x1])
2025-03-28T15:01:37.332504+00:00 rajesh kernel: ACPI: LAPIC_NMI (acpi_id[0x14] high edge lint[0x1])
2025-03-28T15:01:37.332506+00:00 rajesh kernel: ACPI: LAPIC_NMI (acpi_id[0x15] high edge lint[0x1])
2025-03-28T15:01:37.332522+00:00 rajesh kernel: ACPI: LAPIC_NMI (acpi_id[0x16] high edge lint[0x1])
2025-03-28T15:01:37.332525+00:00 rajesh kernel: ACPI: LAPIC_NMI (acpi_id[0x17] high edge lint[0x1])
2025-03-28T15:01:37.332527+00:00 rajesh kernel: ACPI: LAPIC_NMI (acpi_id[0x18] high edge lint[0x1])
2025-03-28T15:01:37.332529+00:00 rajesh kernel: ACPI: LAPIC_NMI (acpi_id[0x19] high edge lint[0x1])
2025-03-28T15:01:37.332531+00:00 rajesh kernel: ACPI: LAPIC_NMI (acpi_id[0x1a] high edge lint[0x1])
2025-03-28T15:01:37.332533+00:00 rajesh kernel: ACPI: LAPIC_NMI (acpi_id[0x1b] high edge lint[0x1])
2025-03-28T15:01:37.332536+00:00 rajesh kernel: ACPI: LAPIC_NMI (acpi_id[0x1c] high edge lint[0x1])
2025-03-28T15:01:37.332552+00:00 rajesh kernel: ACPI: LAPIC_NMI (acpi_id[0x1d] high edge lint[0x1])
2025-03-28T15:01:37.332555+00:00 rajesh kernel: ACPI: LAPIC_NMI (acpi_id[0x1e] high edge lint[0x1])
2025-03-28T15:01:37.332558+00:00 rajesh kernel: ACPI: LAPIC_NMI (acpi_id[0x1f] high edge lint[0x1])
2025-03-28T15:01:37.332560+00:00 rajesh kernel: ACPI: LAPIC_NMI (acpi_id[0x20] high edge lint[0x1])
2025-03-28T15:01:37.332562+00:00 rajesh kernel: ACPI: LAPIC_NMI (acpi_id[0x21] high edge lint[0x1])
2025-03-28T15:01:37.333862+00:00 rajesh kernel: ACPI: LAPIC_NMI (acpi_id[0x22] high edge lint[0x1])
2025-03-28T15:01:37.333906+00:00 rajesh kernel: ACPI: LAPIC_NMI (acpi_id[0x23] high edge lint[0x1])
2025-03-28T15:01:37.333909+00:00 rajesh kernel: ACPI: LAPIC_NMI (acpi_id[0x24] high edge lint[0x1])
2025-03-28T15:01:37.333911+00:00 rajesh kernel: ACPI: LAPIC_NMI (acpi_id[0x25] high edge lint[0x1])
2025-03-28T15:01:37.333912+00:00 rajesh kernel: ACPI: LAPIC_NMI (acpi_id[0x26] high edge lint[0x1])
2025-03-28T15:01:37.333914+00:00 rajesh kernel: ACPI: LAPIC_NMI (acpi_id[0x27] high edge lint[0x1])
2025-03-28T15:01:37.333915+00:00 rajesh kernel: ACPI: LAPIC_NMI (acpi_id[0x28] high edge lint[0x1])
2025-03-28T15:01:37.333917+00:00 rajesh kernel: ACPI: LAPIC_NMI (acpi_id[0x29] high edge lint[0x1])
2025-03-28T15:01:37.333928+00:00 rajesh kernel: ACPI: LAPIC_NMI (acpi_id[0x2a] high edge lint[0x1])
2025-03-28T15:01:37.333930+00:00 rajesh kernel: ACPI: LAPIC_NMI (acpi_id[0x2b] high edge lint[0x1])
2025-03-28T15:01:37.333931+00:00 rajesh kernel: ACPI: LAPIC_NMI (acpi_id[0x2c] high edge lint[0x1])
2025-03-28T15:01:37.333933+00:00 rajesh kernel: ACPI: LAPIC_NMI (acpi_id[0x2d] high edge lint[0x1])
2025-03-28T15:01:37.333934+00:00 rajesh kernel: ACPI: LAPIC_NMI (acpi_id[0x2e] high edge lint[0x1])
2025-03-28T15:01:37.333936+00:00 rajesh kernel: ACPI: LAPIC_NMI (acpi_id[0x2f] high edge lint[0x1])
2025-03-28T15:01:37.333945+00:00 rajesh kernel: ACPI: LAPIC_NMI (acpi_id[0x30] high edge lint[0x1])
2025-03-28T15:01:37.333948+00:00 rajesh kernel: ACPI: LAPIC_NMI (acpi_id[0x31] high edge lint[0x1])
2025-03-28T15:01:37.333949+00:00 rajesh kernel: ACPI: LAPIC_NMI (acpi_id[0x32] high edge lint[0x1])
2025-03-28T15:01:37.333950+00:00 rajesh kernel: ACPI: LAPIC_NMI (acpi_id[0x33] high edge lint[0x1])
2025-03-28T15:01:37.333952+00:00 rajesh kernel: ACPI: LAPIC_NMI (acpi_id[0x34] high edge lint[0x1])
2025-03-28T15:01:37.333953+00:00 rajesh kernel: ACPI: LAPIC_NMI (acpi_id[0x35] high edge lint[0x1])
2025-03-28T15:01:37.333964+00:00 rajesh kernel: ACPI: LAPIC_NMI (acpi_id[0x36] high edge lint[0x1])
2025-03-28T15:01:37.333966+00:00 rajesh kernel: ACPI: LAPIC_NMI (acpi_id[0x37] high edge lint[0x1])
2025-03-28T15:01:37.333967+00:00 rajesh kernel: ACPI: LAPIC_NMI (acpi_id[0x38] high edge lint[0x1])
2025-03-28T15:01:37.333969+00:00 rajesh kernel: ACPI: LAPIC_NMI (acpi_id[0x39] high edge lint[0x1])
2025-03-28T15:01:37.333970+00:00 rajesh kernel: ACPI: LAPIC_NMI (acpi_id[0x3a] high edge lint[0x1])
2025-03-28T15:01:37.333972+00:00 rajesh kernel: ACPI: LAPIC_NMI (acpi_id[0x3b] high edge lint[0x1])
2025-03-28T15:01:37.333973+00:00 rajesh kernel: ACPI: LAPIC_NMI (acpi_id[0x3c] high edge lint[0x1])
2025-03-28T15:01:37.333983+00:00 rajesh kernel: ACPI: LAPIC_NMI (acpi_id[0x3d] high edge lint[0x1])
2025-03-28T15:01:37.333985+00:00 rajesh kernel: ACPI: LAPIC_NMI (acpi_id[0x3e] high edge lint[0x1])
2025-03-28T15:01:37.333987+00:00 rajesh kernel: ACPI: LAPIC_NMI (acpi_id[0x3f] high edge lint[0x1])
2025-03-28T15:01:37.333988+00:00 rajesh kernel: ACPI: LAPIC_NMI (acpi_id[0x40] high edge lint[0x1])
2025-03-28T15:01:37.333989+00:00 rajesh kernel: ACPI: LAPIC_NMI (acpi_id[0x41] high edge lint[0x1])
2025-03-28T15:01:37.333991+00:00 rajesh kernel: ACPI: LAPIC_NMI (acpi_id[0x42] high edge lint[0x1])
2025-03-28T15:01:37.334001+00:00 rajesh kernel: ACPI: LAPIC_NMI (acpi_id[0x43] high edge lint[0x1])
2025-03-28T15:01:37.334003+00:00 rajesh kernel: ACPI: LAPIC_NMI (acpi_id[0x44] high edge lint[0x1])
2025-03-28T15:01:37.334005+00:00 rajesh kernel: ACPI: LAPIC_NMI (acpi_id[0x45] high edge lint[0x1])
2025-03-28T15:01:37.334006+00:00 rajesh kernel: ACPI: LAPIC_NMI (acpi_id[0x46] high edge lint[0x1])
2025-03-28T15:01:37.334007+00:00 rajesh kernel: ACPI: LAPIC_NMI (acpi_id[0x47] high edge lint[0x1])
2025-03-28T15:01:37.334009+00:00 rajesh kernel: ACPI: LAPIC_NMI (acpi_id[0x48] high edge lint[0x1])
2025-03-28T15:01:37.334010+00:00 rajesh kernel: ACPI: LAPIC_NMI (acpi_id[0x49] high edge lint[0x1])
2025-03-28T15:01:37.334020+00:00 rajesh kernel: ACPI: LAPIC_NMI (acpi_id[0x4a] high edge lint[0x1])
2025-03-28T15:01:37.334022+00:00 rajesh kernel: ACPI: LAPIC_NMI (acpi_id[0x4b] high edge lint[0x1])
2025-03-28T15:01:37.334024+00:00 rajesh kernel: ACPI: LAPIC_NMI (acpi_id[0x4c] high edge lint[0x1])
2025-03-28T15:01:37.334025+00:00 rajesh kernel: ACPI: LAPIC_NMI (acpi_id[0x4d] high edge lint[0x1])
2025-03-28T15:01:37.334027+00:00 rajesh kernel: ACPI: LAPIC_NMI (acpi_id[0x4e] high edge lint[0x1])
2025-03-28T15:01:37.334028+00:00 rajesh kernel: ACPI: LAPIC_NMI (acpi_id[0x4f] high edge lint[0x1])
2025-03-28T15:01:37.334038+00:00 rajesh kernel: ACPI: LAPIC_NMI (acpi_id[0x50] high edge lint[0x1])
2025-03-28T15:01:37.334040+00:00 rajesh kernel: ACPI: LAPIC_NMI (acpi_id[0x51] high edge lint[0x1])
2025-03-28T15:01:37.334042+00:00 rajesh kernel: ACPI: LAPIC_NMI (acpi_id[0x52] high edge lint[0x1])
2025-03-28T15:01:37.334043+00:00 rajesh kernel: ACPI: LAPIC_NMI (acpi_id[0x53] high edge lint[0x1])
2025-03-28T15:01:37.334045+00:00 rajesh kernel: ACPI: LAPIC_NMI (acpi_id[0x54] high edge lint[0x1])
2025-03-28T15:01:37.334046+00:00 rajesh kernel: ACPI: LAPIC_NMI (acpi_id[0x55] high edge lint[0x1])
2025-03-28T15:01:37.334056+00:00 rajesh kernel: ACPI: LAPIC_NMI (acpi_id[0x56] high edge lint[0x1])
2025-03-28T15:01:37.334059+00:00 rajesh kernel: ACPI: LAPIC_NMI (acpi_id[0x57] high edge lint[0x1])
2025-03-28T15:01:37.334060+00:00 rajesh kernel: ACPI: LAPIC_NMI (acpi_id[0x58] high edge lint[0x1])
2025-03-28T15:01:37.334061+00:00 rajesh kernel: ACPI: LAPIC_NMI (acpi_id[0x59] high edge lint[0x1])
2025-03-28T15:01:37.334063+00:00 rajesh kernel: ACPI: LAPIC_NMI (acpi_id[0x5a] high edge lint[0x1])
2025-03-28T15:01:37.334064+00:00 rajesh kernel: ACPI: LAPIC_NMI (acpi_id[0x5b] high edge lint[0x1])
2025-03-28T15:01:37.334066+00:00 rajesh kernel: ACPI: LAPIC_NMI (acpi_id[0x5c] high edge lint[0x1])
2025-03-28T15:01:37.334075+00:00 rajesh kernel: ACPI: LAPIC_NMI (acpi_id[0x5d] high edge lint[0x1])
2025-03-28T15:01:37.334077+00:00 rajesh kernel: ACPI: LAPIC_NMI (acpi_id[0x5e] high edge lint[0x1])
2025-03-28T15:01:37.334079+00:00 rajesh kernel: ACPI: LAPIC_NMI (acpi_id[0x5f] high edge lint[0x1])
2025-03-28T15:01:37.334080+00:00 rajesh kernel: ACPI: LAPIC_NMI (acpi_id[0x60] high edge lint[0x1])
2025-03-28T15:01:37.334082+00:00 rajesh kernel: ACPI: LAPIC_NMI (acpi_id[0x61] high edge lint[0x1])
2025-03-28T15:01:37.334083+00:00 rajesh kernel: ACPI: LAPIC_NMI (acpi_id[0x62] high edge lint[0x1])
2025-03-28T15:01:37.334093+00:00 rajesh kernel: ACPI: LAPIC_NMI (acpi_id[0x63] high edge lint[0x1])
2025-03-28T15:01:37.334095+00:00 rajesh kernel: ACPI: LAPIC_NMI (acpi_id[0x64] high edge lint[0x1])
2025-03-28T15:01:37.334096+00:00 rajesh kernel: ACPI: LAPIC_NMI (acpi_id[0x65] high edge lint[0x1])
2025-03-28T15:01:37.334098+00:00 rajesh kernel: ACPI: LAPIC_NMI (acpi_id[0x66] high edge lint[0x1])
2025-03-28T15:01:37.334099+00:00 rajesh kernel: ACPI: LAPIC_NMI (acpi_id[0x67] high edge lint[0x1])
2025-03-28T15:01:37.334100+00:00 rajesh kernel: ACPI: LAPIC_NMI (acpi_id[0x68] high edge lint[0x1])
2025-03-28T15:01:37.334102+00:00 rajesh kernel: ACPI: LAPIC_NMI (acpi_id[0x69] high edge lint[0x1])
2025-03-28T15:01:37.334113+00:00 rajesh kernel: ACPI: LAPIC_NMI (acpi_id[0x6a] high edge lint[0x1])
2025-03-28T15:01:37.334115+00:00 rajesh kernel: ACPI: LAPIC_NMI (acpi_id[0x6b] high edge lint[0x1])
2025-03-28T15:01:37.334117+00:00 rajesh kernel: ACPI: LAPIC_NMI (acpi_id[0x6c] high edge lint[0x1])
2025-03-28T15:01:37.334118+00:00 rajesh kernel: ACPI: LAPIC_NMI (acpi_id[0x6d] high edge lint[0x1])
2025-03-28T15:01:37.334171+00:00 rajesh kernel: ACPI: LAPIC_NMI (acpi_id[0x6e] high edge lint[0x1])
2025-03-28T15:01:37.334177+00:00 rajesh kernel: ACPI: LAPIC_NMI (acpi_id[0x6f] high edge lint[0x1])
2025-03-28T15:01:37.334203+00:00 rajesh kernel: ACPI: LAPIC_NMI (acpi_id[0x70] high edge lint[0x1])
2025-03-28T15:01:37.334206+00:00 rajesh kernel: ACPI: LAPIC_NMI (acpi_id[0x71] high edge lint[0x1])
2025-03-28T15:01:37.334207+00:00 rajesh kernel: ACPI: LAPIC_NMI (acpi_id[0x72] high edge lint[0x1])
2025-03-28T15:01:37.334209+00:00 rajesh kernel: ACPI: LAPIC_NMI (acpi_id[0x73] high edge lint[0x1])
2025-03-28T15:01:37.334210+00:00 rajesh kernel: ACPI: LAPIC_NMI (acpi_id[0x74] high edge lint[0x1])
2025-03-28T15:01:37.334211+00:00 rajesh kernel: ACPI: LAPIC_NMI (acpi_id[0x75] high edge lint[0x1])
2025-03-28T15:01:37.334222+00:00 rajesh kernel: ACPI: LAPIC_NMI (acpi_id[0x76] high edge lint[0x1])
2025-03-28T15:01:37.334224+00:00 rajesh kernel: ACPI: LAPIC_NMI (acpi_id[0x77] high edge lint[0x1])
2025-03-28T15:01:37.334226+00:00 rajesh kernel: ACPI: LAPIC_NMI (acpi_id[0x78] high edge lint[0x1])
2025-03-28T15:01:37.334227+00:00 rajesh kernel: ACPI: LAPIC_NMI (acpi_id[0x79] high edge lint[0x1])
2025-03-28T15:01:37.334229+00:00 rajesh kernel: ACPI: LAPIC_NMI (acpi_id[0x7a] high edge lint[0x1])
2025-03-28T15:01:37.334230+00:00 rajesh kernel: ACPI: LAPIC_NMI (acpi_id[0x7b] high edge lint[0x1])
2025-03-28T15:01:37.334231+00:00 rajesh kernel: ACPI: LAPIC_NMI (acpi_id[0x7c] high edge lint[0x1])
2025-03-28T15:01:37.334242+00:00 rajesh kernel: ACPI: LAPIC_NMI (acpi_id[0x7d] high edge lint[0x1])
2025-03-28T15:01:37.334244+00:00 rajesh kernel: ACPI: LAPIC_NMI (acpi_id[0x7e] high edge lint[0x1])
2025-03-28T15:01:37.334245+00:00 rajesh kernel: ACPI: LAPIC_NMI (acpi_id[0x7f] high edge lint[0x1])
2025-03-28T15:01:37.334247+00:00 rajesh kernel: IOAPIC[0]: apic_id 1, version 32, address 0xfec00000, GSI 0-23
2025-03-28T15:01:37.335731+00:00 rajesh kernel: ACPI: INT_SRC_OVR (bus 0 bus_irq 0 global_irq 2 high edge)
2025-03-28T15:01:37.335743+00:00 rajesh kernel: ACPI: Using ACPI (MADT) for SMP configuration information
2025-03-28T15:01:37.335747+00:00 rajesh kernel: ACPI: HPET id: 0x8086af01 base: 0xfed00000
2025-03-28T15:01:37.335749+00:00 rajesh kernel: TSC deadline timer available
2025-03-28T15:01:37.335751+00:00 rajesh kernel: CPU topo: Max. logical packages: 128
2025-03-28T15:01:37.335754+00:00 rajesh kernel: CPU topo: Max. logical dies:     128
2025-03-28T15:01:37.335756+00:00 rajesh kernel: CPU topo: Max. dies per package:   1
2025-03-28T15:01:37.335758+00:00 rajesh kernel: CPU topo: Max. threads per core:   1
2025-03-28T15:01:37.335760+00:00 rajesh kernel: CPU topo: Num. cores per package:     1
2025-03-28T15:01:37.335762+00:00 rajesh kernel: CPU topo: Num. threads per package:   1
2025-03-28T15:01:37.335764+00:00 rajesh kernel: CPU topo: Allowing 2 present CPUs plus 126 hotplug CPUs
2025-03-28T15:01:37.335766+00:00 rajesh kernel: PM: hibernation: Registered nosave memory: [mem 0x00000000-0x00000fff]
2025-03-28T15:01:37.335768+00:00 rajesh kernel: PM: hibernation: Registered nosave memory: [mem 0x0009e000-0x0009efff]
2025-03-28T15:01:37.335837+00:00 rajesh kernel: PM: hibernation: Registered nosave memory: [mem 0x0009f000-0x0009ffff]
2025-03-28T15:01:37.335841+00:00 rajesh kernel: PM: hibernation: Registered nosave memory: [mem 0x000a0000-0x000dbfff]
2025-03-28T15:01:37.335843+00:00 rajesh kernel: PM: hibernation: Registered nosave memory: [mem 0x000dc000-0x000fffff]
2025-03-28T15:01:37.335846+00:00 rajesh kernel: PM: hibernation: Registered nosave memory: [mem 0xbfed0000-0xbfefefff]
2025-03-28T15:01:37.335849+00:00 rajesh kernel: PM: hibernation: Registered nosave memory: [mem 0xbfeff000-0xbfefffff]
2025-03-28T15:01:37.335852+00:00 rajesh kernel: PM: hibernation: Registered nosave memory: [mem 0xc0000000-0xefffffff]
2025-03-28T15:01:37.336144+00:00 rajesh kernel: PM: hibernation: Registered nosave memory: [mem 0xf0000000-0xf7ffffff]
2025-03-28T15:01:37.336210+00:00 rajesh kernel: PM: hibernation: Registered nosave memory: [mem 0xf8000000-0xfebfffff]
2025-03-28T15:01:37.336215+00:00 rajesh kernel: PM: hibernation: Registered nosave memory: [mem 0xfec00000-0xfec0ffff]
2025-03-28T15:01:37.336218+00:00 rajesh kernel: PM: hibernation: Registered nosave memory: [mem 0xfec10000-0xfedfffff]
2025-03-28T15:01:37.336220+00:00 rajesh kernel: PM: hibernation: Registered nosave memory: [mem 0xfee00000-0xfee00fff]
2025-03-28T15:01:37.336222+00:00 rajesh kernel: PM: hibernation: Registered nosave memory: [mem 0xfee01000-0xfffdffff]
2025-03-28T15:01:37.336225+00:00 rajesh kernel: PM: hibernation: Registered nosave memory: [mem 0xfffe0000-0xffffffff]
2025-03-28T15:01:37.336227+00:00 rajesh kernel: [mem 0xc0000000-0xefffffff] available for PCI devices
2025-03-28T15:01:37.336230+00:00 rajesh kernel: Booting paravirtualized kernel on VMware hypervisor
2025-03-28T15:01:37.336233+00:00 rajesh kernel: clocksource: refined-jiffies: mask: 0xffffffff max_cycles: 0xffffffff, max_idle_ns: 1910969940391419 ns
2025-03-28T15:01:37.336236+00:00 rajesh kernel: setup_percpu: NR_CPUS:8192 nr_cpumask_bits:128 nr_cpu_ids:128 nr_node_ids:1
2025-03-28T15:01:37.336238+00:00 rajesh kernel: percpu: Embedded 88 pages/cpu s237568 r8192 d114688 u524288
2025-03-28T15:01:37.336240+00:00 rajesh kernel: pcpu-alloc: s237568 r8192 d114688 u524288 alloc=1*2097152
2025-03-28T15:01:37.336811+00:00 rajesh kernel: pcpu-alloc: [0] 000 001 002 003 [0] 004 005 006 007 
2025-03-28T15:01:37.336818+00:00 rajesh kernel: pcpu-alloc: [0] 008 009 010 011 [0] 012 013 014 015 
2025-03-28T15:01:37.336820+00:00 rajesh kernel: pcpu-alloc: [0] 016 017 018 019 [0] 020 021 022 023 
2025-03-28T15:01:37.336822+00:00 rajesh kernel: pcpu-alloc: [0] 024 025 026 027 [0] 028 029 030 031 
2025-03-28T15:01:37.336823+00:00 rajesh kernel: pcpu-alloc: [0] 032 033 034 035 [0] 036 037 038 039 
2025-03-28T15:01:37.336825+00:00 rajesh kernel: pcpu-alloc: [0] 040 041 042 043 [0] 044 045 046 047 
2025-03-28T15:01:37.336826+00:00 rajesh kernel: pcpu-alloc: [0] 048 049 050 051 [0] 052 053 054 055 
2025-03-28T15:01:37.336828+00:00 rajesh kernel: pcpu-alloc: [0] 056 057 058 059 [0] 060 061 062 063 
2025-03-28T15:01:37.336829+00:00 rajesh kernel: pcpu-alloc: [0] 064 065 066 067 [0] 068 069 070 071 
2025-03-28T15:01:37.336832+00:00 rajesh kernel: pcpu-alloc: [0] 072 073 074 075 [0] 076 077 078 079 
2025-03-28T15:01:37.336854+00:00 rajesh kernel: pcpu-alloc: [0] 080 081 082 083 [0] 084 085 086 087 
2025-03-28T15:01:37.336856+00:00 rajesh kernel: pcpu-alloc: [0] 088 089 090 091 [0] 092 093 094 095 
2025-03-28T15:01:37.336857+00:00 rajesh kernel: pcpu-alloc: [0] 096 097 098 099 [0] 100 101 102 103 
2025-03-28T15:01:37.336859+00:00 rajesh kernel: pcpu-alloc: [0] 104 105 106 107 [0] 108 109 110 111 
2025-03-28T15:01:37.336860+00:00 rajesh kernel: pcpu-alloc: [0] 112 113 114 115 [0] 116 117 118 119 
2025-03-28T15:01:37.336861+00:00 rajesh kernel: pcpu-alloc: [0] 120 121 122 123 [0] 124 125 126 127 
2025-03-28T15:01:37.336863+00:00 rajesh kernel: Kernel command line: BOOT_IMAGE=/boot/vmlinuz-6.11.0-21-generic root=UUID=e93c26c5-3acd-4297-99b7-3b9f401b4849 ro quiet splash
2025-03-28T15:01:37.336865+00:00 rajesh kernel: Unknown kernel command line parameters "splash BOOT_IMAGE=/boot/vmlinuz-6.11.0-21-generic", will be passed to user space.
2025-03-28T15:01:37.336867+00:00 rajesh kernel: random: crng init done
2025-03-28T15:01:37.336869+00:00 rajesh kernel: printk: log_buf_len individual max cpu contribution: 4096 bytes
2025-03-28T15:01:37.336870+00:00 rajesh kernel: printk: log_buf_len total cpu_extra contributions: 520192 bytes
2025-03-28T15:01:37.336872+00:00 rajesh kernel: printk: log_buf_len min size: 262144 bytes
2025-03-28T15:01:37.336873+00:00 rajesh kernel: printk: log_buf_len: 1048576 bytes
2025-03-28T15:01:37.336875+00:00 rajesh kernel: printk: early log buf free: 237784(90%)
2025-03-28T15:01:37.336876+00:00 rajesh kernel: Dentry cache hash table entries: 524288 (order: 10, 4194304 bytes, linear)
2025-03-28T15:01:37.336878+00:00 rajesh kernel: Inode-cache hash table entries: 262144 (order: 9, 2097152 bytes, linear)
2025-03-28T15:01:37.336879+00:00 rajesh kernel: Fallback order for Node 0: 0 
2025-03-28T15:01:37.336881+00:00 rajesh kernel: Built 1 zonelists, mobility grouping on.  Total pages: 1048429
2025-03-28T15:01:37.336882+00:00 rajesh kernel: Policy zone: Normal
2025-03-28T15:01:37.336884+00:00 rajesh kernel: mem auto-init: stack:all(zero), heap alloc:on, heap free:off
2025-03-28T15:01:37.336885+00:00 rajesh kernel: software IO TLB: area num 128.
2025-03-28T15:01:37.336887+00:00 rajesh kernel: SLUB: HWalign=64, Order=0-3, MinObjects=0, CPUs=128, Nodes=1
2025-03-28T15:01:37.336888+00:00 rajesh kernel: ftrace: allocating 59224 entries in 232 pages
2025-03-28T15:01:37.336890+00:00 rajesh kernel: ftrace: allocated 232 pages with 4 groups
2025-03-28T15:01:37.336891+00:00 rajesh kernel: Dynamic Preempt: voluntary
2025-03-28T15:01:37.336893+00:00 rajesh kernel: rcu: Preemptible hierarchical RCU implementation.
2025-03-28T15:01:37.336894+00:00 rajesh kernel: rcu: 	RCU restricting CPUs from NR_CPUS=8192 to nr_cpu_ids=128.
2025-03-28T15:01:37.336895+00:00 rajesh kernel: 	Trampoline variant of Tasks RCU enabled.
2025-03-28T15:01:37.336898+00:00 rajesh kernel: 	Rude variant of Tasks RCU enabled.
2025-03-28T15:01:37.336900+00:00 rajesh kernel: 	Tracing variant of Tasks RCU enabled.
2025-03-28T15:01:37.336902+00:00 rajesh kernel: rcu: RCU calculated value of scheduler-enlistment delay is 100 jiffies.
2025-03-28T15:01:37.336904+00:00 rajesh kernel: rcu: Adjusting geometry for rcu_fanout_leaf=16, nr_cpu_ids=128
2025-03-28T15:01:37.336907+00:00 rajesh kernel: RCU Tasks: Setting shift to 7 and lim to 1 rcu_task_cb_adjust=1 rcu_task_cpu_ids=128.
2025-03-28T15:01:37.336909+00:00 rajesh kernel: RCU Tasks Rude: Setting shift to 7 and lim to 1 rcu_task_cb_adjust=1 rcu_task_cpu_ids=128.
2025-03-28T15:01:37.336911+00:00 rajesh kernel: RCU Tasks Trace: Setting shift to 7 and lim to 1 rcu_task_cb_adjust=1 rcu_task_cpu_ids=128.
2025-03-28T15:01:37.336913+00:00 rajesh kernel: NR_IRQS: 524544, nr_irqs: 1448, preallocated irqs: 16
2025-03-28T15:01:37.336916+00:00 rajesh kernel: rcu: srcu_init: Setting srcu_struct sizes to big.
2025-03-28T15:01:37.336918+00:00 rajesh kernel: Console: colour VGA+ 80x25
2025-03-28T15:01:37.336920+00:00 rajesh kernel: printk: legacy console [tty0] enabled
2025-03-28T15:01:37.336922+00:00 rajesh kernel: ACPI: Core revision 20240322
2025-03-28T15:01:37.336924+00:00 rajesh kernel: clocksource: hpet: mask: 0xffffffff max_cycles: 0xffffffff, max_idle_ns: 133484882848 ns
2025-03-28T15:01:37.336927+00:00 rajesh kernel: APIC: Switch to symmetric I/O mode setup
2025-03-28T15:01:37.336929+00:00 rajesh kernel: x2apic enabled
2025-03-28T15:01:37.336932+00:00 rajesh kernel: APIC: Switched APIC routing to: physical x2apic
2025-03-28T15:01:37.336934+00:00 rajesh kernel: ..TIMER: vector=0x30 apic1=0 pin1=2 apic2=-1 pin2=-1
2025-03-28T15:01:37.336936+00:00 rajesh kernel: clocksource: tsc-early: mask: 0xffffffffffffffff max_cycles: 0x19f22aa45f0, max_idle_ns: 440795269146 ns
2025-03-28T15:01:37.336939+00:00 rajesh kernel: Calibrating delay loop (skipped) preset value.. 3600.00 BogoMIPS (lpj=1800001)
2025-03-28T15:01:37.336941+00:00 rajesh kernel: Disabled fast string operations
2025-03-28T15:01:37.336943+00:00 rajesh kernel: Last level iTLB entries: 4KB 64, 2MB 8, 4MB 8
2025-03-28T15:01:37.336946+00:00 rajesh kernel: Last level dTLB entries: 4KB 64, 2MB 0, 4MB 0, 1GB 4
2025-03-28T15:01:37.336948+00:00 rajesh kernel: Spectre V1 : Mitigation: usercopy/swapgs barriers and __user pointer sanitization
2025-03-28T15:01:37.336951+00:00 rajesh kernel: Spectre V2 : Spectre BHI mitigation: SW BHB clearing on syscall and VM exit
2025-03-28T15:01:37.336953+00:00 rajesh kernel: Spectre V2 : Mitigation: Enhanced / Automatic IBRS
2025-03-28T15:01:37.336954+00:00 rajesh kernel: Spectre V2 : Spectre v2 / SpectreRSB mitigation: Filling RSB on context switch
2025-03-28T15:01:37.336957+00:00 rajesh kernel: Spectre V2 : Spectre v2 / PBRSB-eIBRS: Retire a single CALL on VMEXIT
2025-03-28T15:01:37.336959+00:00 rajesh kernel: RETBleed: Mitigation: Enhanced IBRS
2025-03-28T15:01:37.336961+00:00 rajesh kernel: Spectre V2 : mitigation: Enabling conditional Indirect Branch Prediction Barrier
2025-03-28T15:01:37.336963+00:00 rajesh kernel: Speculative Store Bypass: Mitigation: Speculative Store Bypass disabled via prctl
2025-03-28T15:01:37.336966+00:00 rajesh kernel: MMIO Stale Data: Vulnerable: Clear CPU buffers attempted, no microcode
2025-03-28T15:01:37.336968+00:00 rajesh kernel: SRBDS: Unknown: Dependent on hypervisor status
2025-03-28T15:01:37.336970+00:00 rajesh kernel: GDS: Unknown: Dependent on hypervisor status
2025-03-28T15:01:37.336972+00:00 rajesh kernel: x86/fpu: Supporting XSAVE feature 0x001: 'x87 floating point registers'
2025-03-28T15:01:37.336975+00:00 rajesh kernel: x86/fpu: Supporting XSAVE feature 0x002: 'SSE registers'
2025-03-28T15:01:37.336977+00:00 rajesh kernel: x86/fpu: Supporting XSAVE feature 0x004: 'AVX registers'
2025-03-28T15:01:37.336979+00:00 rajesh kernel: x86/fpu: xstate_offset[2]:  576, xstate_sizes[2]:  256
2025-03-28T15:01:37.336981+00:00 rajesh kernel: x86/fpu: Enabled xstate features 0x7, context size is 832 bytes, using 'compacted' format.
2025-03-28T15:01:37.336984+00:00 rajesh kernel: Freeing SMP alternatives memory: 48K
2025-03-28T15:01:37.336986+00:00 rajesh kernel: pid_max: default: 131072 minimum: 1024
2025-03-28T15:01:37.336988+00:00 rajesh kernel: LSM: initializing lsm=lockdown,capability,landlock,yama,apparmor,ima,evm
2025-03-28T15:01:37.336990+00:00 rajesh kernel: landlock: Up and running.
2025-03-28T15:01:37.336993+00:00 rajesh kernel: Yama: becoming mindful.
2025-03-28T15:01:37.336995+00:00 rajesh kernel: AppArmor: AppArmor initialized
2025-03-28T15:01:37.336997+00:00 rajesh kernel: Mount-cache hash table entries: 8192 (order: 4, 65536 bytes, linear)
2025-03-28T15:01:37.336999+00:00 rajesh kernel: Mountpoint-cache hash table entries: 8192 (order: 4, 65536 bytes, linear)
2025-03-28T15:01:37.337745+00:00 rajesh kernel: smpboot: CPU0: Intel(R) Core(TM) i5-8265U CPU @ 1.60GHz (family: 0x6, model: 0x8e, stepping: 0xc)
2025-03-28T15:01:37.337749+00:00 rajesh kernel: Performance Events: Skylake events, core PMU driver.
2025-03-28T15:01:37.337752+00:00 rajesh kernel: core: CPUID marked event: 'cpu cycles' unavailable
2025-03-28T15:01:37.337754+00:00 rajesh kernel: core: CPUID marked event: 'instructions' unavailable
2025-03-28T15:01:37.337756+00:00 rajesh kernel: core: CPUID marked event: 'bus cycles' unavailable
2025-03-28T15:01:37.337758+00:00 rajesh kernel: core: CPUID marked event: 'cache references' unavailable
2025-03-28T15:01:37.337760+00:00 rajesh kernel: core: CPUID marked event: 'cache misses' unavailable
2025-03-28T15:01:37.337762+00:00 rajesh kernel: core: CPUID marked event: 'branch instructions' unavailable
2025-03-28T15:01:37.337827+00:00 rajesh kernel: core: CPUID marked event: 'branch misses' unavailable
2025-03-28T15:01:37.338103+00:00 rajesh kernel: ... version:                1
2025-03-28T15:01:37.338175+00:00 rajesh kernel: ... bit width:              48
2025-03-28T15:01:37.338183+00:00 rajesh kernel: ... generic registers:      4
2025-03-28T15:01:37.338186+00:00 rajesh kernel: ... value mask:             0000ffffffffffff
2025-03-28T15:01:37.338188+00:00 rajesh kernel: ... max period:             000000007fffffff
2025-03-28T15:01:37.338190+00:00 rajesh kernel: ... fixed-purpose events:   0
2025-03-28T15:01:37.338193+00:00 rajesh kernel: ... event mask:             000000000000000f
2025-03-28T15:01:37.338195+00:00 rajesh kernel: signal: max sigframe size: 1776
2025-03-28T15:01:37.338197+00:00 rajesh kernel: rcu: Hierarchical SRCU implementation.
2025-03-28T15:01:37.338199+00:00 rajesh kernel: rcu: 	Max phase no-delay instances is 400.
2025-03-28T15:01:37.338202+00:00 rajesh kernel: Timer migration: 3 hierarchy levels; 8 children per group; 3 crossnode level
2025-03-28T15:01:37.338204+00:00 rajesh kernel: NMI watchdog: Perf NMI watchdog permanently disabled
2025-03-28T15:01:37.338206+00:00 rajesh kernel: smp: Bringing up secondary CPUs ...
2025-03-28T15:01:37.338208+00:00 rajesh kernel: smpboot: x86: Booting SMP configuration:
2025-03-28T15:01:37.338210+00:00 rajesh kernel: .... node  #0, CPUs:          #1
2025-03-28T15:01:37.338213+00:00 rajesh kernel: Disabled fast string operations
2025-03-28T15:01:37.338215+00:00 rajesh kernel: smp: Brought up 1 node, 2 CPUs
2025-03-28T15:01:37.338218+00:00 rajesh kernel: smpboot: Total of 2 processors activated (7200.00 BogoMIPS)
2025-03-28T15:01:37.338220+00:00 rajesh kernel: Memory: 3871372K/4193716K available (22528K kernel code, 4520K rwdata, 14904K rodata, 5096K init, 4528K bss, 309604K reserved, 0K cma-reserved)
2025-03-28T15:01:37.338223+00:00 rajesh kernel: devtmpfs: initialized
2025-03-28T15:01:37.338225+00:00 rajesh kernel: x86/mm: Memory block size: 128MB
2025-03-28T15:01:37.338228+00:00 rajesh kernel: ACPI: PM: Registering ACPI NVS region [mem 0xbfeff000-0xbfefffff] (4096 bytes)
2025-03-28T15:01:37.338230+00:00 rajesh kernel: clocksource: jiffies: mask: 0xffffffff max_cycles: 0xffffffff, max_idle_ns: 1911260446275000 ns
2025-03-28T15:01:37.338232+00:00 rajesh kernel: futex hash table entries: 32768 (order: 9, 2097152 bytes, linear)
2025-03-28T15:01:37.338235+00:00 rajesh kernel: pinctrl core: initialized pinctrl subsystem
2025-03-28T15:01:37.338237+00:00 rajesh kernel: PM: RTC time: 15:00:39, date: 2025-03-28
2025-03-28T15:01:37.338239+00:00 rajesh kernel: NET: Registered PF_NETLINK/PF_ROUTE protocol family
2025-03-28T15:01:37.338241+00:00 rajesh kernel: DMA: preallocated 512 KiB GFP_KERNEL pool for atomic allocations
2025-03-28T15:01:37.338244+00:00 rajesh kernel: DMA: preallocated 512 KiB GFP_KERNEL|GFP_DMA pool for atomic allocations
2025-03-28T15:01:37.338252+00:00 rajesh kernel: DMA: preallocated 512 KiB GFP_KERNEL|GFP_DMA32 pool for atomic allocations
2025-03-28T15:01:37.338254+00:00 rajesh kernel: audit: initializing netlink subsys (disabled)
2025-03-28T15:01:37.338256+00:00 rajesh kernel: audit: type=2000 audit(1743174039.106:1): state=initialized audit_enabled=0 res=1
2025-03-28T15:01:37.338259+00:00 rajesh kernel: thermal_sys: Registered thermal governor 'fair_share'
2025-03-28T15:01:37.338261+00:00 rajesh kernel: thermal_sys: Registered thermal governor 'bang_bang'
2025-03-28T15:01:37.338264+00:00 rajesh kernel: thermal_sys: Registered thermal governor 'step_wise'
2025-03-28T15:01:37.338267+00:00 rajesh kernel: thermal_sys: Registered thermal governor 'user_space'
2025-03-28T15:01:37.338269+00:00 rajesh kernel: thermal_sys: Registered thermal governor 'power_allocator'
2025-03-28T15:01:37.338272+00:00 rajesh kernel: EISA bus registered
2025-03-28T15:01:37.338274+00:00 rajesh kernel: cpuidle: using governor ladder
2025-03-28T15:01:37.338277+00:00 rajesh kernel: cpuidle: using governor menu
2025-03-28T15:01:37.338280+00:00 rajesh kernel: Simple Boot Flag at 0x36 set to 0x80
2025-03-28T15:01:37.338283+00:00 rajesh kernel: acpiphp: ACPI Hot Plug PCI Controller Driver version: 0.5
2025-03-28T15:01:37.338285+00:00 rajesh kernel: PCI: ECAM [mem 0xf0000000-0xf7ffffff] (base 0xf0000000) for domain 0000 [bus 00-7f]
2025-03-28T15:01:37.338288+00:00 rajesh kernel: PCI: Using configuration type 1 for base access
2025-03-28T15:01:37.338290+00:00 rajesh kernel: kprobes: kprobe jump-optimization is enabled. All kprobes are optimized if possible.
2025-03-28T15:01:37.338293+00:00 rajesh kernel: HugeTLB: registered 1.00 GiB page size, pre-allocated 0 pages
2025-03-28T15:01:37.338296+00:00 rajesh kernel: HugeTLB: 16380 KiB vmemmap can be freed for a 1.00 GiB page
2025-03-28T15:01:37.338298+00:00 rajesh kernel: HugeTLB: registered 2.00 MiB page size, pre-allocated 0 pages
2025-03-28T15:01:37.338300+00:00 rajesh kernel: HugeTLB: 28 KiB vmemmap can be freed for a 2.00 MiB page
2025-03-28T15:01:37.338302+00:00 rajesh kernel: ACPI: Added _OSI(Module Device)
2025-03-28T15:01:37.338304+00:00 rajesh kernel: ACPI: Added _OSI(Processor Device)
2025-03-28T15:01:37.338306+00:00 rajesh kernel: ACPI: Added _OSI(3.0 _SCP Extensions)
2025-03-28T15:01:37.338308+00:00 rajesh kernel: ACPI: Added _OSI(Processor Aggregator Device)
2025-03-28T15:01:37.338310+00:00 rajesh kernel: ACPI: 1 ACPI AML tables successfully acquired and loaded
2025-03-28T15:01:37.338312+00:00 rajesh kernel: ACPI: [Firmware Bug]: BIOS _OSI(Linux) query ignored
2025-03-28T15:01:37.338314+00:00 rajesh kernel: ACPI: Interpreter enabled
2025-03-28T15:01:37.338316+00:00 rajesh kernel: ACPI: PM: (supports S0 S1 S4 S5)
2025-03-28T15:01:37.338318+00:00 rajesh kernel: ACPI: Using IOAPIC for interrupt routing
2025-03-28T15:01:37.338320+00:00 rajesh kernel: PCI: Using host bridge windows from ACPI; if necessary, use "pci=nocrs" and report a bug
2025-03-28T15:01:37.338322+00:00 rajesh kernel: PCI: Using E820 reservations for host bridge windows
2025-03-28T15:01:37.338325+00:00 rajesh kernel: ACPI: Enabled 4 GPEs in block 00 to 0F
2025-03-28T15:01:37.338327+00:00 rajesh kernel: ACPI: PCI Root Bridge [PCI0] (domain 0000 [bus 00-7f])
2025-03-28T15:01:37.338329+00:00 rajesh kernel: acpi PNP0A03:00: _OSC: OS supports [ExtendedConfig ASPM ClockPM Segments MSI EDR HPX-Type3]
2025-03-28T15:01:37.338331+00:00 rajesh kernel: acpi PNP0A03:00: _OSC: platform does not support [AER LTR DPC]
2025-03-28T15:01:37.338334+00:00 rajesh kernel: acpi PNP0A03:00: _OSC: OS now controls [PCIeHotplug SHPCHotplug PME PCIeCapability]
2025-03-28T15:01:37.338335+00:00 rajesh kernel: PCI host bridge to bus 0000:00
2025-03-28T15:01:37.338338+00:00 rajesh kernel: pci_bus 0000:00: root bus resource [mem 0x000a0000-0x000bffff window]
2025-03-28T15:01:37.338340+00:00 rajesh kernel: pci_bus 0000:00: root bus resource [mem 0x000d0000-0x000dbfff window]
2025-03-28T15:01:37.338343+00:00 rajesh kernel: pci_bus 0000:00: root bus resource [mem 0xc0000000-0xfebfffff window]
2025-03-28T15:01:37.338346+00:00 rajesh kernel: pci_bus 0000:00: root bus resource [io  0x0000-0x0cf7 window]
2025-03-28T15:01:37.338348+00:00 rajesh kernel: pci_bus 0000:00: root bus resource [io  0x0d00-0xfeff window]
2025-03-28T15:01:37.338350+00:00 rajesh kernel: pci_bus 0000:00: root bus resource [bus 00-7f]
2025-03-28T15:01:37.338352+00:00 rajesh kernel: pci 0000:00:00.0: [8086:7190] type 00 class 0x060000 conventional PCI endpoint
2025-03-28T15:01:37.338354+00:00 rajesh kernel: pci 0000:00:01.0: [8086:7191] type 01 class 0x060400 conventional PCI bridge
2025-03-28T15:01:37.338357+00:00 rajesh kernel: pci 0000:00:01.0: PCI bridge to [bus 01]
2025-03-28T15:01:37.338359+00:00 rajesh kernel: pci 0000:00:07.0: [8086:7110] type 00 class 0x060100 conventional PCI endpoint
2025-03-28T15:01:37.338361+00:00 rajesh kernel: pci 0000:00:07.1: [8086:7111] type 00 class 0x01018a conventional PCI endpoint
2025-03-28T15:01:37.338363+00:00 rajesh kernel: pci 0000:00:07.1: BAR 4 [io  0x1060-0x106f]
2025-03-28T15:01:37.338366+00:00 rajesh kernel: pci 0000:00:07.1: BAR 0 [io  0x01f0-0x01f7]: legacy IDE quirk
2025-03-28T15:01:37.338368+00:00 rajesh kernel: pci 0000:00:07.1: BAR 1 [io  0x03f6]: legacy IDE quirk
2025-03-28T15:01:37.338370+00:00 rajesh kernel: pci 0000:00:07.1: BAR 2 [io  0x0170-0x0177]: legacy IDE quirk
2025-03-28T15:01:37.338373+00:00 rajesh kernel: pci 0000:00:07.1: BAR 3 [io  0x0376]: legacy IDE quirk
2025-03-28T15:01:37.338375+00:00 rajesh kernel: pci 0000:00:07.3: [8086:7113] type 00 class 0x068000 conventional PCI endpoint
2025-03-28T15:01:37.338377+00:00 rajesh kernel: pci 0000:00:07.3: quirk: [io  0x1000-0x103f] claimed by PIIX4 ACPI
2025-03-28T15:01:37.338379+00:00 rajesh kernel: pci 0000:00:07.3: quirk: [io  0x1040-0x104f] claimed by PIIX4 SMB
2025-03-28T15:01:37.338382+00:00 rajesh kernel: pci 0000:00:07.7: [15ad:0740] type 00 class 0x088000 conventional PCI endpoint
2025-03-28T15:01:37.338384+00:00 rajesh kernel: pci 0000:00:07.7: BAR 0 [io  0x1080-0x10bf]
2025-03-28T15:01:37.338386+00:00 rajesh kernel: pci 0000:00:07.7: BAR 1 [mem 0xfebc0000-0xfebfffff 64bit]
2025-03-28T15:01:37.338388+00:00 rajesh kernel: pci 0000:00:0f.0: [15ad:0405] type 00 class 0x030000 conventional PCI endpoint
2025-03-28T15:01:37.338391+00:00 rajesh kernel: pci 0000:00:0f.0: BAR 0 [io  0x1070-0x107f]
2025-03-28T15:01:37.338393+00:00 rajesh kernel: pci 0000:00:0f.0: BAR 1 [mem 0xe8000000-0xefffffff pref]
2025-03-28T15:01:37.338395+00:00 rajesh kernel: pci 0000:00:0f.0: BAR 2 [mem 0xfe000000-0xfe7fffff]
2025-03-28T15:01:37.338397+00:00 rajesh kernel: pci 0000:00:0f.0: ROM [mem 0x00000000-0x00007fff pref]
2025-03-28T15:01:37.338400+00:00 rajesh kernel: pci 0000:00:0f.0: Video device with shadowed ROM at [mem 0x000c0000-0x000dffff]
2025-03-28T15:01:37.338402+00:00 rajesh kernel: pci 0000:00:10.0: [1000:0030] type 00 class 0x010000 conventional PCI endpoint
2025-03-28T15:01:37.338404+00:00 rajesh kernel: pci 0000:00:10.0: BAR 0 [io  0x1400-0x14ff]
2025-03-28T15:01:37.338406+00:00 rajesh kernel: pci 0000:00:10.0: BAR 1 [mem 0xfeb80000-0xfeb9ffff 64bit]
2025-03-28T15:01:37.338408+00:00 rajesh kernel: pci 0000:00:10.0: BAR 3 [mem 0xfeba0000-0xfebbffff 64bit]
2025-03-28T15:01:37.338409+00:00 rajesh kernel: pci 0000:00:10.0: ROM [mem 0x00000000-0x00003fff pref]
2025-03-28T15:01:37.338411+00:00 rajesh kernel: pci 0000:00:11.0: [15ad:0790] type 01 class 0x060401 conventional PCI bridge
2025-03-28T15:01:37.338413+00:00 rajesh kernel: pci 0000:00:11.0: PCI bridge to [bus 02] (subtractive decode)
2025-03-28T15:01:37.338415+00:00 rajesh kernel: pci 0000:00:11.0:   bridge window [io  0x2000-0x3fff]
2025-03-28T15:01:37.338417+00:00 rajesh kernel: pci 0000:00:11.0:   bridge window [mem 0xfd500000-0xfdffffff]
2025-03-28T15:01:37.338420+00:00 rajesh kernel: pci 0000:00:11.0:   bridge window [mem 0xe7b00000-0xe7ffffff 64bit pref]
2025-03-28T15:01:37.338421+00:00 rajesh kernel: pci 0000:00:15.0: [15ad:07a0] type 01 class 0x060400 PCIe Root Port
2025-03-28T15:01:37.338424+00:00 rajesh kernel: pci 0000:00:15.0: PCI bridge to [bus 03]
2025-03-28T15:01:37.338426+00:00 rajesh kernel: pci 0000:00:15.0:   bridge window [io  0x4000-0x4fff]
2025-03-28T15:01:37.338428+00:00 rajesh kernel: pci 0000:00:15.0:   bridge window [mem 0xfd400000-0xfd4fffff]
2025-03-28T15:01:37.338431+00:00 rajesh kernel: pci 0000:00:15.0:   bridge window [mem 0xe7a00000-0xe7afffff 64bit pref]
2025-03-28T15:01:37.339947+00:00 rajesh kernel: pci 0000:00:15.0: PME# supported from D0 D3hot D3cold
2025-03-28T15:01:37.339956+00:00 rajesh kernel: pci 0000:00:15.1: [15ad:07a0] type 01 class 0x060400 PCIe Root Port
2025-03-28T15:01:37.339960+00:00 rajesh kernel: pci 0000:00:15.1: PCI bridge to [bus 04]
2025-03-28T15:01:37.339963+00:00 rajesh kernel: pci 0000:00:15.1:   bridge window [io  0x8000-0x8fff]
2025-03-28T15:01:37.339969+00:00 rajesh kernel: pci 0000:00:15.1:   bridge window [mem 0xfd000000-0xfd0fffff]
2025-03-28T15:01:37.339972+00:00 rajesh kernel: pci 0000:00:15.1:   bridge window [mem 0xe7600000-0xe76fffff 64bit pref]
2025-03-28T15:01:37.339974+00:00 rajesh kernel: pci 0000:00:15.1: PME# supported from D0 D3hot D3cold
2025-03-28T15:01:37.339977+00:00 rajesh kernel: pci 0000:00:15.2: [15ad:07a0] type 01 class 0x060400 PCIe Root Port
2025-03-28T15:01:37.339980+00:00 rajesh kernel: pci 0000:00:15.2: PCI bridge to [bus 05]
2025-03-28T15:01:37.339982+00:00 rajesh kernel: pci 0000:00:15.2:   bridge window [io  0xc000-0xcfff]
2025-03-28T15:01:37.339985+00:00 rajesh kernel: pci 0000:00:15.2:   bridge window [mem 0xfcc00000-0xfccfffff]
2025-03-28T15:01:37.339987+00:00 rajesh kernel: pci 0000:00:15.2:   bridge window [mem 0xe7200000-0xe72fffff 64bit pref]
2025-03-28T15:01:37.339990+00:00 rajesh kernel: pci 0000:00:15.2: PME# supported from D0 D3hot D3cold
2025-03-28T15:01:37.339993+00:00 rajesh kernel: pci 0000:00:15.3: [15ad:07a0] type 01 class 0x060400 PCIe Root Port
2025-03-28T15:01:37.339995+00:00 rajesh kernel: pci 0000:00:15.3: PCI bridge to [bus 06]
2025-03-28T15:01:37.339998+00:00 rajesh kernel: pci 0000:00:15.3:   bridge window [mem 0xfc800000-0xfc8fffff]
2025-03-28T15:01:37.340000+00:00 rajesh kernel: pci 0000:00:15.3:   bridge window [mem 0xe6e00000-0xe6efffff 64bit pref]
2025-03-28T15:01:37.340003+00:00 rajesh kernel: pci 0000:00:15.3: PME# supported from D0 D3hot D3cold
2025-03-28T15:01:37.340005+00:00 rajesh kernel: pci 0000:00:15.4: [15ad:07a0] type 01 class 0x060400 PCIe Root Port
2025-03-28T15:01:37.340008+00:00 rajesh kernel: pci 0000:00:15.4: PCI bridge to [bus 07]
2025-03-28T15:01:37.340010+00:00 rajesh kernel: pci 0000:00:15.4:   bridge window [mem 0xfc400000-0xfc4fffff]
2025-03-28T15:01:37.340017+00:00 rajesh kernel: pci 0000:00:15.4:   bridge window [mem 0xe6a00000-0xe6afffff 64bit pref]
2025-03-28T15:01:37.340020+00:00 rajesh kernel: pci 0000:00:15.4: PME# supported from D0 D3hot D3cold
2025-03-28T15:01:37.340022+00:00 rajesh kernel: pci 0000:00:15.5: [15ad:07a0] type 01 class 0x060400 PCIe Root Port
2025-03-28T15:01:37.340025+00:00 rajesh kernel: pci 0000:00:15.5: PCI bridge to [bus 08]
2025-03-28T15:01:37.340027+00:00 rajesh kernel: pci 0000:00:15.5:   bridge window [mem 0xfc000000-0xfc0fffff]
2025-03-28T15:01:37.340033+00:00 rajesh kernel: pci 0000:00:15.5:   bridge window [mem 0xe6600000-0xe66fffff 64bit pref]
2025-03-28T15:01:37.340035+00:00 rajesh kernel: pci 0000:00:15.5: PME# supported from D0 D3hot D3cold
2025-03-28T15:01:37.340038+00:00 rajesh kernel: pci 0000:00:15.6: [15ad:07a0] type 01 class 0x060400 PCIe Root Port
2025-03-28T15:01:37.340040+00:00 rajesh kernel: pci 0000:00:15.6: PCI bridge to [bus 09]
2025-03-28T15:01:37.340043+00:00 rajesh kernel: pci 0000:00:15.6:   bridge window [mem 0xfbc00000-0xfbcfffff]
2025-03-28T15:01:37.340047+00:00 rajesh kernel: pci 0000:00:15.6:   bridge window [mem 0xe6200000-0xe62fffff 64bit pref]
2025-03-28T15:01:37.340097+00:00 rajesh kernel: pci 0000:00:15.6: PME# supported from D0 D3hot D3cold
2025-03-28T15:01:37.340100+00:00 rajesh kernel: pci 0000:00:15.7: [15ad:07a0] type 01 class 0x060400 PCIe Root Port
2025-03-28T15:01:37.340102+00:00 rajesh kernel: pci 0000:00:15.7: PCI bridge to [bus 0a]
2025-03-28T15:01:37.340104+00:00 rajesh kernel: pci 0000:00:15.7:   bridge window [mem 0xfb800000-0xfb8fffff]
2025-03-28T15:01:37.340155+00:00 rajesh kernel: pci 0000:00:15.7:   bridge window [mem 0xe5e00000-0xe5efffff 64bit pref]
2025-03-28T15:01:37.340161+00:00 rajesh kernel: pci 0000:00:15.7: PME# supported from D0 D3hot D3cold
2025-03-28T15:01:37.340164+00:00 rajesh kernel: pci 0000:00:16.0: [15ad:07a0] type 01 class 0x060400 PCIe Root Port
2025-03-28T15:01:37.340166+00:00 rajesh kernel: pci 0000:00:16.0: PCI bridge to [bus 0b]
2025-03-28T15:01:37.340168+00:00 rajesh kernel: pci 0000:00:16.0:   bridge window [io  0x5000-0x5fff]
2025-03-28T15:01:37.340170+00:00 rajesh kernel: pci 0000:00:16.0:   bridge window [mem 0xfd300000-0xfd3fffff]
2025-03-28T15:01:37.340172+00:00 rajesh kernel: pci 0000:00:16.0:   bridge window [mem 0xe7900000-0xe79fffff 64bit pref]
2025-03-28T15:01:37.340174+00:00 rajesh kernel: pci 0000:00:16.0: PME# supported from D0 D3hot D3cold
2025-03-28T15:01:37.340176+00:00 rajesh kernel: pci 0000:00:16.1: [15ad:07a0] type 01 class 0x060400 PCIe Root Port
2025-03-28T15:01:37.340179+00:00 rajesh kernel: pci 0000:00:16.1: PCI bridge to [bus 0c]
2025-03-28T15:01:37.340181+00:00 rajesh kernel: pci 0000:00:16.1:   bridge window [io  0x9000-0x9fff]
2025-03-28T15:01:37.340183+00:00 rajesh kernel: pci 0000:00:16.1:   bridge window [mem 0xfcf00000-0xfcffffff]
2025-03-28T15:01:37.340185+00:00 rajesh kernel: pci 0000:00:16.1:   bridge window [mem 0xe7500000-0xe75fffff 64bit pref]
2025-03-28T15:01:37.340187+00:00 rajesh kernel: pci 0000:00:16.1: PME# supported from D0 D3hot D3cold
2025-03-28T15:01:37.340190+00:00 rajesh kernel: pci 0000:00:16.2: [15ad:07a0] type 01 class 0x060400 PCIe Root Port
2025-03-28T15:01:37.340192+00:00 rajesh kernel: pci 0000:00:16.2: PCI bridge to [bus 0d]
2025-03-28T15:01:37.340194+00:00 rajesh kernel: pci 0000:00:16.2:   bridge window [io  0xd000-0xdfff]
2025-03-28T15:01:37.340197+00:00 rajesh kernel: pci 0000:00:16.2:   bridge window [mem 0xfcb00000-0xfcbfffff]
2025-03-28T15:01:37.340199+00:00 rajesh kernel: pci 0000:00:16.2:   bridge window [mem 0xe7100000-0xe71fffff 64bit pref]
2025-03-28T15:01:37.340201+00:00 rajesh kernel: pci 0000:00:16.2: PME# supported from D0 D3hot D3cold
2025-03-28T15:01:37.340204+00:00 rajesh kernel: pci 0000:00:16.3: [15ad:07a0] type 01 class 0x060400 PCIe Root Port
2025-03-28T15:01:37.340206+00:00 rajesh kernel: pci 0000:00:16.3: PCI bridge to [bus 0e]
2025-03-28T15:01:37.340209+00:00 rajesh kernel: pci 0000:00:16.3:   bridge window [mem 0xfc700000-0xfc7fffff]
2025-03-28T15:01:37.340211+00:00 rajesh kernel: pci 0000:00:16.3:   bridge window [mem 0xe6d00000-0xe6dfffff 64bit pref]
2025-03-28T15:01:37.340214+00:00 rajesh kernel: pci 0000:00:16.3: PME# supported from D0 D3hot D3cold
2025-03-28T15:01:37.340216+00:00 rajesh kernel: pci 0000:00:16.4: [15ad:07a0] type 01 class 0x060400 PCIe Root Port
2025-03-28T15:01:37.340219+00:00 rajesh kernel: pci 0000:00:16.4: PCI bridge to [bus 0f]
2025-03-28T15:01:37.340221+00:00 rajesh kernel: pci 0000:00:16.4:   bridge window [mem 0xfc300000-0xfc3fffff]
2025-03-28T15:01:37.340224+00:00 rajesh kernel: pci 0000:00:16.4:   bridge window [mem 0xe6900000-0xe69fffff 64bit pref]
2025-03-28T15:01:37.340227+00:00 rajesh kernel: pci 0000:00:16.4: PME# supported from D0 D3hot D3cold
2025-03-28T15:01:37.340229+00:00 rajesh kernel: pci 0000:00:16.5: [15ad:07a0] type 01 class 0x060400 PCIe Root Port
2025-03-28T15:01:37.340231+00:00 rajesh kernel: pci 0000:00:16.5: PCI bridge to [bus 10]
2025-03-28T15:01:37.340234+00:00 rajesh kernel: pci 0000:00:16.5:   bridge window [mem 0xfbf00000-0xfbffffff]
2025-03-28T15:01:37.340236+00:00 rajesh kernel: pci 0000:00:16.5:   bridge window [mem 0xe6500000-0xe65fffff 64bit pref]
2025-03-28T15:01:37.340239+00:00 rajesh kernel: pci 0000:00:16.5: PME# supported from D0 D3hot D3cold
2025-03-28T15:01:37.340242+00:00 rajesh kernel: pci 0000:00:16.6: [15ad:07a0] type 01 class 0x060400 PCIe Root Port
2025-03-28T15:01:37.340244+00:00 rajesh kernel: pci 0000:00:16.6: PCI bridge to [bus 11]
2025-03-28T15:01:37.340246+00:00 rajesh kernel: pci 0000:00:16.6:   bridge window [mem 0xfbb00000-0xfbbfffff]
2025-03-28T15:01:37.340249+00:00 rajesh kernel: pci 0000:00:16.6:   bridge window [mem 0xe6100000-0xe61fffff 64bit pref]
2025-03-28T15:01:37.340251+00:00 rajesh kernel: pci 0000:00:16.6: PME# supported from D0 D3hot D3cold
2025-03-28T15:01:37.340253+00:00 rajesh kernel: pci 0000:00:16.7: [15ad:07a0] type 01 class 0x060400 PCIe Root Port
2025-03-28T15:01:37.340256+00:00 rajesh kernel: pci 0000:00:16.7: PCI bridge to [bus 12]
2025-03-28T15:01:37.340259+00:00 rajesh kernel: pci 0000:00:16.7:   bridge window [mem 0xfb700000-0xfb7fffff]
2025-03-28T15:01:37.340261+00:00 rajesh kernel: pci 0000:00:16.7:   bridge window [mem 0xe5d00000-0xe5dfffff 64bit pref]
2025-03-28T15:01:37.340264+00:00 rajesh kernel: pci 0000:00:16.7: PME# supported from D0 D3hot D3cold
2025-03-28T15:01:37.340266+00:00 rajesh kernel: pci 0000:00:17.0: [15ad:07a0] type 01 class 0x060400 PCIe Root Port
2025-03-28T15:01:37.340269+00:00 rajesh kernel: pci 0000:00:17.0: PCI bridge to [bus 13]
2025-03-28T15:01:37.340271+00:00 rajesh kernel: pci 0000:00:17.0:   bridge window [io  0x6000-0x6fff]
2025-03-28T15:01:37.340278+00:00 rajesh kernel: pci 0000:00:17.0:   bridge window [mem 0xfd200000-0xfd2fffff]
2025-03-28T15:01:37.340281+00:00 rajesh kernel: pci 0000:00:17.0:   bridge window [mem 0xe7800000-0xe78fffff 64bit pref]
2025-03-28T15:01:37.340283+00:00 rajesh kernel: pci 0000:00:17.0: PME# supported from D0 D3hot D3cold
2025-03-28T15:01:37.340286+00:00 rajesh kernel: pci 0000:00:17.1: [15ad:07a0] type 01 class 0x060400 PCIe Root Port
2025-03-28T15:01:37.340290+00:00 rajesh kernel: pci 0000:00:17.1: PCI bridge to [bus 14]
2025-03-28T15:01:37.340293+00:00 rajesh kernel: pci 0000:00:17.1:   bridge window [io  0xa000-0xafff]
2025-03-28T15:01:37.340295+00:00 rajesh kernel: pci 0000:00:17.1:   bridge window [mem 0xfce00000-0xfcefffff]
2025-03-28T15:01:37.340298+00:00 rajesh kernel: pci 0000:00:17.1:   bridge window [mem 0xe7400000-0xe74fffff 64bit pref]
2025-03-28T15:01:37.340301+00:00 rajesh kernel: pci 0000:00:17.1: PME# supported from D0 D3hot D3cold
2025-03-28T15:01:37.340303+00:00 rajesh kernel: pci 0000:00:17.2: [15ad:07a0] type 01 class 0x060400 PCIe Root Port
2025-03-28T15:01:37.340306+00:00 rajesh kernel: pci 0000:00:17.2: PCI bridge to [bus 15]
2025-03-28T15:01:37.340308+00:00 rajesh kernel: pci 0000:00:17.2:   bridge window [io  0xe000-0xefff]
2025-03-28T15:01:37.340311+00:00 rajesh kernel: pci 0000:00:17.2:   bridge window [mem 0xfca00000-0xfcafffff]
2025-03-28T15:01:37.340314+00:00 rajesh kernel: pci 0000:00:17.2:   bridge window [mem 0xe7000000-0xe70fffff 64bit pref]
2025-03-28T15:01:37.340316+00:00 rajesh kernel: pci 0000:00:17.2: PME# supported from D0 D3hot D3cold
2025-03-28T15:01:37.340322+00:00 rajesh kernel: pci 0000:00:17.3: [15ad:07a0] type 01 class 0x060400 PCIe Root Port
2025-03-28T15:01:37.340325+00:00 rajesh kernel: pci 0000:00:17.3: PCI bridge to [bus 16]
2025-03-28T15:01:37.340327+00:00 rajesh kernel: pci 0000:00:17.3:   bridge window [mem 0xfc600000-0xfc6fffff]
2025-03-28T15:01:37.340329+00:00 rajesh kernel: pci 0000:00:17.3:   bridge window [mem 0xe6c00000-0xe6cfffff 64bit pref]
2025-03-28T15:01:37.340331+00:00 rajesh kernel: pci 0000:00:17.3: PME# supported from D0 D3hot D3cold
2025-03-28T15:01:37.340727+00:00 rajesh kernel: pci 0000:00:17.4: [15ad:07a0] type 01 class 0x060400 PCIe Root Port
2025-03-28T15:01:37.340733+00:00 rajesh kernel: pci 0000:00:17.4: PCI bridge to [bus 17]
2025-03-28T15:01:37.340736+00:00 rajesh kernel: pci 0000:00:17.4:   bridge window [mem 0xfc200000-0xfc2fffff]
2025-03-28T15:01:37.340738+00:00 rajesh kernel: pci 0000:00:17.4:   bridge window [mem 0xe6800000-0xe68fffff 64bit pref]
2025-03-28T15:01:37.340740+00:00 rajesh kernel: pci 0000:00:17.4: PME# supported from D0 D3hot D3cold
2025-03-28T15:01:37.340743+00:00 rajesh kernel: pci 0000:00:17.5: [15ad:07a0] type 01 class 0x060400 PCIe Root Port
2025-03-28T15:01:37.340745+00:00 rajesh kernel: pci 0000:00:17.5: PCI bridge to [bus 18]
2025-03-28T15:01:37.340749+00:00 rajesh kernel: pci 0000:00:17.5:   bridge window [mem 0xfbe00000-0xfbefffff]
2025-03-28T15:01:37.340751+00:00 rajesh kernel: pci 0000:00:17.5:   bridge window [mem 0xe6400000-0xe64fffff 64bit pref]
2025-03-28T15:01:37.340754+00:00 rajesh kernel: pci 0000:00:17.5: PME# supported from D0 D3hot D3cold
2025-03-28T15:01:37.340756+00:00 rajesh kernel: pci 0000:00:17.6: [15ad:07a0] type 01 class 0x060400 PCIe Root Port
2025-03-28T15:01:37.340758+00:00 rajesh kernel: pci 0000:00:17.6: PCI bridge to [bus 19]
2025-03-28T15:01:37.340761+00:00 rajesh kernel: pci 0000:00:17.6:   bridge window [mem 0xfba00000-0xfbafffff]
2025-03-28T15:01:37.340763+00:00 rajesh kernel: pci 0000:00:17.6:   bridge window [mem 0xe6000000-0xe60fffff 64bit pref]
2025-03-28T15:01:37.340765+00:00 rajesh kernel: pci 0000:00:17.6: PME# supported from D0 D3hot D3cold
2025-03-28T15:01:37.340768+00:00 rajesh kernel: pci 0000:00:17.7: [15ad:07a0] type 01 class 0x060400 PCIe Root Port
2025-03-28T15:01:37.340771+00:00 rajesh kernel: pci 0000:00:17.7: PCI bridge to [bus 1a]
2025-03-28T15:01:37.340773+00:00 rajesh kernel: pci 0000:00:17.7:   bridge window [mem 0xfb600000-0xfb6fffff]
2025-03-28T15:01:37.340781+00:00 rajesh kernel: pci 0000:00:17.7:   bridge window [mem 0xe5c00000-0xe5cfffff 64bit pref]
2025-03-28T15:01:37.340783+00:00 rajesh kernel: pci 0000:00:17.7: PME# supported from D0 D3hot D3cold
2025-03-28T15:01:37.340786+00:00 rajesh kernel: pci 0000:00:18.0: [15ad:07a0] type 01 class 0x060400 PCIe Root Port
2025-03-28T15:01:37.340788+00:00 rajesh kernel: pci 0000:00:18.0: PCI bridge to [bus 1b]
2025-03-28T15:01:37.340791+00:00 rajesh kernel: pci 0000:00:18.0:   bridge window [io  0x7000-0x7fff]
2025-03-28T15:01:37.340793+00:00 rajesh kernel: pci 0000:00:18.0:   bridge window [mem 0xfd100000-0xfd1fffff]
2025-03-28T15:01:37.340796+00:00 rajesh kernel: pci 0000:00:18.0:   bridge window [mem 0xe7700000-0xe77fffff 64bit pref]
2025-03-28T15:01:37.340798+00:00 rajesh kernel: pci 0000:00:18.0: PME# supported from D0 D3hot D3cold
2025-03-28T15:01:37.340801+00:00 rajesh kernel: pci 0000:00:18.1: [15ad:07a0] type 01 class 0x060400 PCIe Root Port
2025-03-28T15:01:37.340804+00:00 rajesh kernel: pci 0000:00:18.1: PCI bridge to [bus 1c]
2025-03-28T15:01:37.340806+00:00 rajesh kernel: pci 0000:00:18.1:   bridge window [io  0xb000-0xbfff]
2025-03-28T15:01:37.340812+00:00 rajesh kernel: pci 0000:00:18.1:   bridge window [mem 0xfcd00000-0xfcdfffff]
2025-03-28T15:01:37.340814+00:00 rajesh kernel: pci 0000:00:18.1:   bridge window [mem 0xe7300000-0xe73fffff 64bit pref]
2025-03-28T15:01:37.340816+00:00 rajesh kernel: pci 0000:00:18.1: PME# supported from D0 D3hot D3cold
2025-03-28T15:01:37.340818+00:00 rajesh kernel: pci 0000:00:18.2: [15ad:07a0] type 01 class 0x060400 PCIe Root Port
2025-03-28T15:01:37.340821+00:00 rajesh kernel: pci 0000:00:18.2: PCI bridge to [bus 1d]
2025-03-28T15:01:37.340823+00:00 rajesh kernel: pci 0000:00:18.2:   bridge window [mem 0xfc900000-0xfc9fffff]
2025-03-28T15:01:37.340825+00:00 rajesh kernel: pci 0000:00:18.2:   bridge window [mem 0xe6f00000-0xe6ffffff 64bit pref]
2025-03-28T15:01:37.340828+00:00 rajesh kernel: pci 0000:00:18.2: PME# supported from D0 D3hot D3cold
2025-03-28T15:01:37.340830+00:00 rajesh kernel: pci 0000:00:18.3: [15ad:07a0] type 01 class 0x060400 PCIe Root Port
2025-03-28T15:01:37.340832+00:00 rajesh kernel: pci 0000:00:18.3: PCI bridge to [bus 1e]
2025-03-28T15:01:37.340836+00:00 rajesh kernel: pci 0000:00:18.3:   bridge window [mem 0xfc500000-0xfc5fffff]
2025-03-28T15:01:37.340839+00:00 rajesh kernel: pci 0000:00:18.3:   bridge window [mem 0xe6b00000-0xe6bfffff 64bit pref]
2025-03-28T15:01:37.340841+00:00 rajesh kernel: pci 0000:00:18.3: PME# supported from D0 D3hot D3cold
2025-03-28T15:01:37.340844+00:00 rajesh kernel: pci 0000:00:18.4: [15ad:07a0] type 01 class 0x060400 PCIe Root Port
2025-03-28T15:01:37.340846+00:00 rajesh kernel: pci 0000:00:18.4: PCI bridge to [bus 1f]
2025-03-28T15:01:37.340849+00:00 rajesh kernel: pci 0000:00:18.4:   bridge window [mem 0xfc100000-0xfc1fffff]
2025-03-28T15:01:37.340851+00:00 rajesh kernel: pci 0000:00:18.4:   bridge window [mem 0xe6700000-0xe67fffff 64bit pref]
2025-03-28T15:01:37.340854+00:00 rajesh kernel: pci 0000:00:18.4: PME# supported from D0 D3hot D3cold
2025-03-28T15:01:37.340856+00:00 rajesh kernel: pci 0000:00:18.5: [15ad:07a0] type 01 class 0x060400 PCIe Root Port
2025-03-28T15:01:37.340859+00:00 rajesh kernel: pci 0000:00:18.5: PCI bridge to [bus 20]
2025-03-28T15:01:37.340861+00:00 rajesh kernel: pci 0000:00:18.5:   bridge window [mem 0xfbd00000-0xfbdfffff]
2025-03-28T15:01:37.340864+00:00 rajesh kernel: pci 0000:00:18.5:   bridge window [mem 0xe6300000-0xe63fffff 64bit pref]
2025-03-28T15:01:37.340866+00:00 rajesh kernel: pci 0000:00:18.5: PME# supported from D0 D3hot D3cold
2025-03-28T15:01:37.340869+00:00 rajesh kernel: pci 0000:00:18.6: [15ad:07a0] type 01 class 0x060400 PCIe Root Port
2025-03-28T15:01:37.340873+00:00 rajesh kernel: pci 0000:00:18.6: PCI bridge to [bus 21]
2025-03-28T15:01:37.340875+00:00 rajesh kernel: pci 0000:00:18.6:   bridge window [mem 0xfb900000-0xfb9fffff]
2025-03-28T15:01:37.340878+00:00 rajesh kernel: pci 0000:00:18.6:   bridge window [mem 0xe5f00000-0xe5ffffff 64bit pref]
2025-03-28T15:01:37.340881+00:00 rajesh kernel: pci 0000:00:18.6: PME# supported from D0 D3hot D3cold
2025-03-28T15:01:37.340883+00:00 rajesh kernel: pci 0000:00:18.7: [15ad:07a0] type 01 class 0x060400 PCIe Root Port
2025-03-28T15:01:37.340885+00:00 rajesh kernel: pci 0000:00:18.7: PCI bridge to [bus 22]
2025-03-28T15:01:37.340888+00:00 rajesh kernel: pci 0000:00:18.7:   bridge window [mem 0xfb500000-0xfb5fffff]
2025-03-28T15:01:37.340890+00:00 rajesh kernel: pci 0000:00:18.7:   bridge window [mem 0xe5b00000-0xe5bfffff 64bit pref]
2025-03-28T15:01:37.340893+00:00 rajesh kernel: pci 0000:00:18.7: PME# supported from D0 D3hot D3cold
2025-03-28T15:01:37.340895+00:00 rajesh kernel: pci_bus 0000:01: extended config space not accessible
2025-03-28T15:01:37.340898+00:00 rajesh kernel: pci 0000:00:01.0: PCI bridge to [bus 01]
2025-03-28T15:01:37.340900+00:00 rajesh kernel: pci_bus 0000:02: extended config space not accessible
2025-03-28T15:01:37.340904+00:00 rajesh kernel: acpiphp: Slot [32] registered
2025-03-28T15:01:37.340906+00:00 rajesh kernel: acpiphp: Slot [33] registered
2025-03-28T15:01:37.340909+00:00 rajesh kernel: acpiphp: Slot [34] registered
2025-03-28T15:01:37.340912+00:00 rajesh kernel: acpiphp: Slot [35] registered
2025-03-28T15:01:37.340915+00:00 rajesh kernel: acpiphp: Slot [36] registered
2025-03-28T15:01:37.340917+00:00 rajesh kernel: acpiphp: Slot [37] registered
2025-03-28T15:01:37.340919+00:00 rajesh kernel: acpiphp: Slot [38] registered
2025-03-28T15:01:37.340922+00:00 rajesh kernel: acpiphp: Slot [39] registered
2025-03-28T15:01:37.340924+00:00 rajesh kernel: acpiphp: Slot [40] registered
2025-03-28T15:01:37.340927+00:00 rajesh kernel: acpiphp: Slot [41] registered
2025-03-28T15:01:37.340929+00:00 rajesh kernel: acpiphp: Slot [42] registered
2025-03-28T15:01:37.340933+00:00 rajesh kernel: acpiphp: Slot [43] registered
2025-03-28T15:01:37.340935+00:00 rajesh kernel: acpiphp: Slot [44] registered
2025-03-28T15:01:37.340938+00:00 rajesh kernel: acpiphp: Slot [45] registered
2025-03-28T15:01:37.340940+00:00 rajesh kernel: acpiphp: Slot [46] registered
2025-03-28T15:01:37.340942+00:00 rajesh kernel: acpiphp: Slot [47] registered
2025-03-28T15:01:37.340945+00:00 rajesh kernel: acpiphp: Slot [48] registered
2025-03-28T15:01:37.340948+00:00 rajesh kernel: acpiphp: Slot [49] registered
2025-03-28T15:01:37.340950+00:00 rajesh kernel: acpiphp: Slot [50] registered
2025-03-28T15:01:37.340953+00:00 rajesh kernel: acpiphp: Slot [51] registered
2025-03-28T15:01:37.340955+00:00 rajesh kernel: acpiphp: Slot [52] registered
2025-03-28T15:01:37.340958+00:00 rajesh kernel: acpiphp: Slot [53] registered
2025-03-28T15:01:37.340960+00:00 rajesh kernel: acpiphp: Slot [54] registered
2025-03-28T15:01:37.340963+00:00 rajesh kernel: acpiphp: Slot [55] registered
2025-03-28T15:01:37.340965+00:00 rajesh kernel: acpiphp: Slot [56] registered
2025-03-28T15:01:37.340967+00:00 rajesh kernel: acpiphp: Slot [57] registered
2025-03-28T15:01:37.340970+00:00 rajesh kernel: acpiphp: Slot [58] registered
2025-03-28T15:01:37.340972+00:00 rajesh kernel: acpiphp: Slot [59] registered
2025-03-28T15:01:37.340974+00:00 rajesh kernel: acpiphp: Slot [60] registered
2025-03-28T15:01:37.340977+00:00 rajesh kernel: acpiphp: Slot [61] registered
2025-03-28T15:01:37.340980+00:00 rajesh kernel: acpiphp: Slot [62] registered
2025-03-28T15:01:37.340983+00:00 rajesh kernel: acpiphp: Slot [63] registered
2025-03-28T15:01:37.340986+00:00 rajesh kernel: pci 0000:02:00.0: [15ad:0774] type 00 class 0x0c0300 conventional PCI endpoint
2025-03-28T15:01:37.340989+00:00 rajesh kernel: pci 0000:02:00.0: BAR 4 [io  0x2080-0x209f]
2025-03-28T15:01:37.340991+00:00 rajesh kernel: pci 0000:02:01.0: [8086:100f] type 00 class 0x020000 conventional PCI endpoint
2025-03-28T15:01:37.340994+00:00 rajesh kernel: pci 0000:02:01.0: BAR 0 [mem 0xfd5c0000-0xfd5dffff 64bit]
2025-03-28T15:01:37.340996+00:00 rajesh kernel: pci 0000:02:01.0: BAR 2 [mem 0xfdff0000-0xfdffffff 64bit]
2025-03-28T15:01:37.340999+00:00 rajesh kernel: pci 0000:02:01.0: BAR 4 [io  0x2000-0x203f]
2025-03-28T15:01:37.341002+00:00 rajesh kernel: pci 0000:02:01.0: ROM [mem 0x00000000-0x0000ffff pref]
2025-03-28T15:01:37.341004+00:00 rajesh kernel: pci 0000:02:01.0: PME# supported from D0 D3hot D3cold
2025-03-28T15:01:37.341008+00:00 rajesh kernel: pci 0000:02:02.0: [1274:1371] type 00 class 0x040100 conventional PCI endpoint
2025-03-28T15:01:37.341011+00:00 rajesh kernel: pci 0000:02:02.0: BAR 0 [io  0x2040-0x207f]
2025-03-28T15:01:37.341014+00:00 rajesh kernel: pci 0000:02:03.0: [15ad:0770] type 00 class 0x0c0320 conventional PCI endpoint
2025-03-28T15:01:37.341016+00:00 rajesh kernel: pci 0000:02:03.0: BAR 0 [mem 0xfd5ef000-0xfd5effff]
2025-03-28T15:01:37.341018+00:00 rajesh kernel: pci 0000:02:04.0: [15ad:07e0] type 00 class 0x010601 conventional PCI endpoint
2025-03-28T15:01:37.341023+00:00 rajesh kernel: pci 0000:02:04.0: BAR 5 [mem 0xfd5ee000-0xfd5eefff]
2025-03-28T15:01:37.341104+00:00 rajesh kernel: pci 0000:02:04.0: ROM [mem 0x00000000-0x0000ffff pref]
2025-03-28T15:01:37.341155+00:00 rajesh kernel: pci 0000:02:04.0: PME# supported from D3hot
2025-03-28T15:01:37.341158+00:00 rajesh kernel: pci 0000:00:11.0: PCI bridge to [bus 02] (subtractive decode)
2025-03-28T15:01:37.341160+00:00 rajesh kernel: pci 0000:00:11.0:   bridge window [mem 0x000a0000-0x000bffff window] (subtractive decode)
2025-03-28T15:01:37.341163+00:00 rajesh kernel: pci 0000:00:11.0:   bridge window [mem 0x000d0000-0x000dbfff window] (subtractive decode)
2025-03-28T15:01:37.343857+00:00 rajesh kernel: pci 0000:00:11.0:   bridge window [mem 0xc0000000-0xfebfffff window] (subtractive decode)
2025-03-28T15:01:37.343868+00:00 rajesh kernel: pci 0000:00:11.0:   bridge window [io  0x0000-0x0cf7 window] (subtractive decode)
2025-03-28T15:01:37.343870+00:00 rajesh kernel: pci 0000:00:11.0:   bridge window [io  0x0d00-0xfeff window] (subtractive decode)
2025-03-28T15:01:37.343872+00:00 rajesh kernel: pci 0000:00:15.0: PCI bridge to [bus 03]
2025-03-28T15:01:37.343874+00:00 rajesh kernel: pci 0000:00:15.1: PCI bridge to [bus 04]
2025-03-28T15:01:37.343876+00:00 rajesh kernel: pci 0000:00:15.2: PCI bridge to [bus 05]
2025-03-28T15:01:37.343877+00:00 rajesh kernel: pci 0000:00:15.3: PCI bridge to [bus 06]
2025-03-28T15:01:37.343879+00:00 rajesh kernel: pci 0000:00:15.4: PCI bridge to [bus 07]
2025-03-28T15:01:37.343880+00:00 rajesh kernel: pci 0000:00:15.5: PCI bridge to [bus 08]
2025-03-28T15:01:37.343882+00:00 rajesh kernel: pci 0000:00:15.6: PCI bridge to [bus 09]
2025-03-28T15:01:37.343883+00:00 rajesh kernel: pci 0000:00:15.7: PCI bridge to [bus 0a]
2025-03-28T15:01:37.343885+00:00 rajesh kernel: pci 0000:00:16.0: PCI bridge to [bus 0b]
2025-03-28T15:01:37.343887+00:00 rajesh kernel: pci 0000:00:16.1: PCI bridge to [bus 0c]
2025-03-28T15:01:37.343888+00:00 rajesh kernel: pci 0000:00:16.2: PCI bridge to [bus 0d]
2025-03-28T15:01:37.343890+00:00 rajesh kernel: pci 0000:00:16.3: PCI bridge to [bus 0e]
2025-03-28T15:01:37.343891+00:00 rajesh kernel: pci 0000:00:16.4: PCI bridge to [bus 0f]
2025-03-28T15:01:37.343893+00:00 rajesh kernel: pci 0000:00:16.5: PCI bridge to [bus 10]
2025-03-28T15:01:37.343894+00:00 rajesh kernel: pci 0000:00:16.6: PCI bridge to [bus 11]
2025-03-28T15:01:37.343895+00:00 rajesh kernel: pci 0000:00:16.7: PCI bridge to [bus 12]
2025-03-28T15:01:37.343897+00:00 rajesh kernel: pci 0000:00:17.0: PCI bridge to [bus 13]
2025-03-28T15:01:37.343898+00:00 rajesh kernel: pci 0000:00:17.1: PCI bridge to [bus 14]
2025-03-28T15:01:37.343900+00:00 rajesh kernel: pci 0000:00:17.2: PCI bridge to [bus 15]
2025-03-28T15:01:37.343901+00:00 rajesh kernel: pci 0000:00:17.3: PCI bridge to [bus 16]
2025-03-28T15:01:37.343904+00:00 rajesh kernel: pci 0000:00:17.4: PCI bridge to [bus 17]
2025-03-28T15:01:37.344148+00:00 rajesh kernel: pci 0000:00:17.5: PCI bridge to [bus 18]
2025-03-28T15:01:37.344208+00:00 rajesh kernel: pci 0000:00:17.6: PCI bridge to [bus 19]
2025-03-28T15:01:37.344213+00:00 rajesh kernel: pci 0000:00:17.7: PCI bridge to [bus 1a]
2025-03-28T15:01:37.344216+00:00 rajesh kernel: pci 0000:00:18.0: PCI bridge to [bus 1b]
2025-03-28T15:01:37.344219+00:00 rajesh kernel: pci 0000:00:18.1: PCI bridge to [bus 1c]
2025-03-28T15:01:37.344221+00:00 rajesh kernel: pci 0000:00:18.2: PCI bridge to [bus 1d]
2025-03-28T15:01:37.344223+00:00 rajesh kernel: pci 0000:00:18.3: PCI bridge to [bus 1e]
2025-03-28T15:01:37.344226+00:00 rajesh kernel: pci 0000:00:18.4: PCI bridge to [bus 1f]
2025-03-28T15:01:37.344228+00:00 rajesh kernel: pci 0000:00:18.5: PCI bridge to [bus 20]
2025-03-28T15:01:37.344230+00:00 rajesh kernel: pci 0000:00:18.6: PCI bridge to [bus 21]
2025-03-28T15:01:37.344232+00:00 rajesh kernel: pci 0000:00:18.7: PCI bridge to [bus 22]
2025-03-28T15:01:37.344235+00:00 rajesh kernel: ACPI: PCI: Interrupt link LNKA configured for IRQ 9
2025-03-28T15:01:37.344238+00:00 rajesh kernel: ACPI: PCI: Interrupt link LNKB configured for IRQ 11
2025-03-28T15:01:37.344240+00:00 rajesh kernel: ACPI: PCI: Interrupt link LNKC configured for IRQ 10
2025-03-28T15:01:37.344242+00:00 rajesh kernel: ACPI: PCI: Interrupt link LNKD configured for IRQ 7
2025-03-28T15:01:37.344244+00:00 rajesh kernel: iommu: Default domain type: Translated
2025-03-28T15:01:37.344247+00:00 rajesh kernel: iommu: DMA domain TLB invalidation policy: lazy mode
2025-03-28T15:01:37.344250+00:00 rajesh kernel: SCSI subsystem initialized
2025-03-28T15:01:37.344252+00:00 rajesh kernel: libata version 3.00 loaded.
2025-03-28T15:01:37.344370+00:00 rajesh kernel: ACPI: bus type USB registered
2025-03-28T15:01:37.344376+00:00 rajesh kernel: usbcore: registered new interface driver usbfs
2025-03-28T15:01:37.344378+00:00 rajesh kernel: usbcore: registered new interface driver hub
2025-03-28T15:01:37.344380+00:00 rajesh kernel: usbcore: registered new device driver usb
2025-03-28T15:01:37.344382+00:00 rajesh kernel: pps_core: LinuxPPS API ver. 1 registered
2025-03-28T15:01:37.344385+00:00 rajesh kernel: pps_core: Software ver. 5.3.6 - Copyright 2005-2007 Rodolfo Giometti <giometti@linux.it>
2025-03-28T15:01:37.344387+00:00 rajesh kernel: PTP clock support registered
2025-03-28T15:01:37.344389+00:00 rajesh kernel: EDAC MC: Ver: 3.0.0
2025-03-28T15:01:37.344392+00:00 rajesh kernel: NetLabel: Initializing
2025-03-28T15:01:37.344394+00:00 rajesh kernel: NetLabel:  domain hash size = 128
2025-03-28T15:01:37.344395+00:00 rajesh kernel: NetLabel:  protocols = UNLABELED CIPSOv4 CALIPSO
2025-03-28T15:01:37.344398+00:00 rajesh kernel: NetLabel:  unlabeled traffic allowed by default
2025-03-28T15:01:37.344400+00:00 rajesh kernel: mctp: management component transport protocol core
2025-03-28T15:01:37.344402+00:00 rajesh kernel: NET: Registered PF_MCTP protocol family
2025-03-28T15:01:37.344404+00:00 rajesh kernel: PCI: Using ACPI for IRQ routing
2025-03-28T15:01:37.344407+00:00 rajesh kernel: PCI: pci_cache_line_size set to 64 bytes
2025-03-28T15:01:37.344410+00:00 rajesh kernel: e820: reserve RAM buffer [mem 0x0009e800-0x0009ffff]
2025-03-28T15:01:37.344412+00:00 rajesh kernel: e820: reserve RAM buffer [mem 0xbfed0000-0xbfffffff]
2025-03-28T15:01:37.344416+00:00 rajesh kernel: pci 0000:00:0f.0: vgaarb: setting as boot VGA device
2025-03-28T15:01:37.344420+00:00 rajesh kernel: pci 0000:00:0f.0: vgaarb: bridge control possible
2025-03-28T15:01:37.344423+00:00 rajesh kernel: pci 0000:00:0f.0: vgaarb: VGA device added: decodes=io+mem,owns=io+mem,locks=none
2025-03-28T15:01:37.344426+00:00 rajesh kernel: vgaarb: loaded
2025-03-28T15:01:37.344428+00:00 rajesh kernel: hpet0: at MMIO 0xfed00000, IRQs 2, 8, 0, 0, 0, 0, 0, 0, 0, 0, 0, 0, 0, 0, 0, 0
2025-03-28T15:01:37.344431+00:00 rajesh kernel: hpet0: 16 comparators, 64-bit 14.318180 MHz counter
2025-03-28T15:01:37.344433+00:00 rajesh kernel: clocksource: Switched to clocksource tsc-early
2025-03-28T15:01:37.344435+00:00 rajesh kernel: VFS: Disk quotas dquot_6.6.0
2025-03-28T15:01:37.344438+00:00 rajesh kernel: VFS: Dquot-cache hash table entries: 512 (order 0, 4096 bytes)
2025-03-28T15:01:37.344440+00:00 rajesh kernel: AppArmor: AppArmor Filesystem Enabled
2025-03-28T15:01:37.344443+00:00 rajesh kernel: pnp: PnP ACPI init
2025-03-28T15:01:37.344445+00:00 rajesh kernel: system 00:00: [io  0x1000-0x103f] has been reserved
2025-03-28T15:01:37.344447+00:00 rajesh kernel: system 00:00: [io  0x1040-0x104f] has been reserved
2025-03-28T15:01:37.344449+00:00 rajesh kernel: system 00:00: [io  0x0cf0-0x0cf1] has been reserved
2025-03-28T15:01:37.344451+00:00 rajesh kernel: system 00:04: [mem 0xfed00000-0xfed003ff] has been reserved
2025-03-28T15:01:37.344453+00:00 rajesh kernel: system 00:05: [io  0xfce0-0xfcff] has been reserved
2025-03-28T15:01:37.344455+00:00 rajesh kernel: system 00:05: [mem 0xf0000000-0xf7ffffff] has been reserved
2025-03-28T15:01:37.344458+00:00 rajesh kernel: system 00:05: [mem 0xfe800000-0xfe9fffff] has been reserved
2025-03-28T15:01:37.344460+00:00 rajesh kernel: pnp: PnP ACPI: found 6 devices
2025-03-28T15:01:37.344462+00:00 rajesh kernel: clocksource: acpi_pm: mask: 0xffffff max_cycles: 0xffffff, max_idle_ns: 2085701024 ns
2025-03-28T15:01:37.344464+00:00 rajesh kernel: NET: Registered PF_INET protocol family
2025-03-28T15:01:37.344466+00:00 rajesh kernel: IP idents hash table entries: 65536 (order: 7, 524288 bytes, linear)
2025-03-28T15:01:37.344469+00:00 rajesh kernel: tcp_listen_portaddr_hash hash table entries: 2048 (order: 3, 32768 bytes, linear)
2025-03-28T15:01:37.344472+00:00 rajesh kernel: Table-perturb hash table entries: 65536 (order: 6, 262144 bytes, linear)
2025-03-28T15:01:37.344474+00:00 rajesh kernel: TCP established hash table entries: 32768 (order: 6, 262144 bytes, linear)
2025-03-28T15:01:37.344477+00:00 rajesh kernel: TCP bind hash table entries: 32768 (order: 8, 1048576 bytes, linear)
2025-03-28T15:01:37.344480+00:00 rajesh kernel: TCP: Hash tables configured (established 32768 bind 32768)
2025-03-28T15:01:37.344482+00:00 rajesh kernel: MPTCP token hash table entries: 4096 (order: 4, 98304 bytes, linear)
2025-03-28T15:01:37.344485+00:00 rajesh kernel: UDP hash table entries: 2048 (order: 4, 65536 bytes, linear)
2025-03-28T15:01:37.344487+00:00 rajesh kernel: UDP-Lite hash table entries: 2048 (order: 4, 65536 bytes, linear)
2025-03-28T15:01:37.344489+00:00 rajesh kernel: NET: Registered PF_UNIX/PF_LOCAL protocol family
2025-03-28T15:01:37.344493+00:00 rajesh kernel: NET: Registered PF_XDP protocol family
2025-03-28T15:01:37.344495+00:00 rajesh kernel: pci 0000:00:15.3: bridge window [io  0x1000-0x0fff] to [bus 06] add_size 1000
2025-03-28T15:01:37.344497+00:00 rajesh kernel: pci 0000:00:15.4: bridge window [io  0x1000-0x0fff] to [bus 07] add_size 1000
2025-03-28T15:01:37.344500+00:00 rajesh kernel: pci 0000:00:15.5: bridge window [io  0x1000-0x0fff] to [bus 08] add_size 1000
2025-03-28T15:01:37.344502+00:00 rajesh kernel: pci 0000:00:15.6: bridge window [io  0x1000-0x0fff] to [bus 09] add_size 1000
2025-03-28T15:01:37.344504+00:00 rajesh kernel: pci 0000:00:15.7: bridge window [io  0x1000-0x0fff] to [bus 0a] add_size 1000
2025-03-28T15:01:37.344506+00:00 rajesh kernel: pci 0000:00:16.3: bridge window [io  0x1000-0x0fff] to [bus 0e] add_size 1000
2025-03-28T15:01:37.344508+00:00 rajesh kernel: pci 0000:00:16.4: bridge window [io  0x1000-0x0fff] to [bus 0f] add_size 1000
2025-03-28T15:01:37.344510+00:00 rajesh kernel: pci 0000:00:16.5: bridge window [io  0x1000-0x0fff] to [bus 10] add_size 1000
2025-03-28T15:01:37.344512+00:00 rajesh kernel: pci 0000:00:16.6: bridge window [io  0x1000-0x0fff] to [bus 11] add_size 1000
2025-03-28T15:01:37.344515+00:00 rajesh kernel: pci 0000:00:16.7: bridge window [io  0x1000-0x0fff] to [bus 12] add_size 1000
2025-03-28T15:01:37.344517+00:00 rajesh kernel: pci 0000:00:17.3: bridge window [io  0x1000-0x0fff] to [bus 16] add_size 1000
2025-03-28T15:01:37.344519+00:00 rajesh kernel: pci 0000:00:17.4: bridge window [io  0x1000-0x0fff] to [bus 17] add_size 1000
2025-03-28T15:01:37.344521+00:00 rajesh kernel: pci 0000:00:17.5: bridge window [io  0x1000-0x0fff] to [bus 18] add_size 1000
2025-03-28T15:01:37.344524+00:00 rajesh kernel: pci 0000:00:17.6: bridge window [io  0x1000-0x0fff] to [bus 19] add_size 1000
2025-03-28T15:01:37.344526+00:00 rajesh kernel: pci 0000:00:17.7: bridge window [io  0x1000-0x0fff] to [bus 1a] add_size 1000
2025-03-28T15:01:37.344584+00:00 rajesh kernel: pci 0000:00:18.2: bridge window [io  0x1000-0x0fff] to [bus 1d] add_size 1000
2025-03-28T15:01:37.344587+00:00 rajesh kernel: pci 0000:00:18.3: bridge window [io  0x1000-0x0fff] to [bus 1e] add_size 1000
2025-03-28T15:01:37.344589+00:00 rajesh kernel: pci 0000:00:18.4: bridge window [io  0x1000-0x0fff] to [bus 1f] add_size 1000
2025-03-28T15:01:37.344591+00:00 rajesh kernel: pci 0000:00:18.5: bridge window [io  0x1000-0x0fff] to [bus 20] add_size 1000
2025-03-28T15:01:37.344593+00:00 rajesh kernel: pci 0000:00:18.6: bridge window [io  0x1000-0x0fff] to [bus 21] add_size 1000
2025-03-28T15:01:37.344840+00:00 rajesh kernel: pci 0000:00:18.7: bridge window [io  0x1000-0x0fff] to [bus 22] add_size 1000
2025-03-28T15:01:37.344846+00:00 rajesh kernel: pci 0000:00:10.0: ROM [mem 0xc0000000-0xc0003fff pref]: assigned
2025-03-28T15:01:37.344849+00:00 rajesh kernel: pci 0000:00:15.3: bridge window [io  size 0x1000]: can't assign; no space
2025-03-28T15:01:37.344851+00:00 rajesh kernel: pci 0000:00:15.3: bridge window [io  size 0x1000]: failed to assign
2025-03-28T15:01:37.344853+00:00 rajesh kernel: pci 0000:00:15.4: bridge window [io  size 0x1000]: can't assign; no space
2025-03-28T15:01:37.344855+00:00 rajesh kernel: pci 0000:00:15.4: bridge window [io  size 0x1000]: failed to assign
2025-03-28T15:01:37.344857+00:00 rajesh kernel: pci 0000:00:15.5: bridge window [io  size 0x1000]: can't assign; no space
2025-03-28T15:01:37.344860+00:00 rajesh kernel: pci 0000:00:15.5: bridge window [io  size 0x1000]: failed to assign
2025-03-28T15:01:37.344862+00:00 rajesh kernel: pci 0000:00:15.6: bridge window [io  size 0x1000]: can't assign; no space
2025-03-28T15:01:37.344865+00:00 rajesh kernel: pci 0000:00:15.6: bridge window [io  size 0x1000]: failed to assign
2025-03-28T15:01:37.344867+00:00 rajesh kernel: pci 0000:00:15.7: bridge window [io  size 0x1000]: can't assign; no space
2025-03-28T15:01:37.344870+00:00 rajesh kernel: pci 0000:00:15.7: bridge window [io  size 0x1000]: failed to assign
2025-03-28T15:01:37.344872+00:00 rajesh kernel: pci 0000:00:16.3: bridge window [io  size 0x1000]: can't assign; no space
2025-03-28T15:01:37.344875+00:00 rajesh kernel: pci 0000:00:16.3: bridge window [io  size 0x1000]: failed to assign
2025-03-28T15:01:37.344877+00:00 rajesh kernel: pci 0000:00:16.4: bridge window [io  size 0x1000]: can't assign; no space
2025-03-28T15:01:37.344879+00:00 rajesh kernel: pci 0000:00:16.4: bridge window [io  size 0x1000]: failed to assign
2025-03-28T15:01:37.344881+00:00 rajesh kernel: pci 0000:00:16.5: bridge window [io  size 0x1000]: can't assign; no space
2025-03-28T15:01:37.344883+00:00 rajesh kernel: pci 0000:00:16.5: bridge window [io  size 0x1000]: failed to assign
2025-03-28T15:01:37.344885+00:00 rajesh kernel: pci 0000:00:16.6: bridge window [io  size 0x1000]: can't assign; no space
2025-03-28T15:01:37.344888+00:00 rajesh kernel: pci 0000:00:16.6: bridge window [io  size 0x1000]: failed to assign
2025-03-28T15:01:37.344890+00:00 rajesh kernel: pci 0000:00:16.7: bridge window [io  size 0x1000]: can't assign; no space
2025-03-28T15:01:37.344893+00:00 rajesh kernel: pci 0000:00:16.7: bridge window [io  size 0x1000]: failed to assign
2025-03-28T15:01:37.344895+00:00 rajesh kernel: pci 0000:00:17.3: bridge window [io  size 0x1000]: can't assign; no space
2025-03-28T15:01:37.344897+00:00 rajesh kernel: pci 0000:00:17.3: bridge window [io  size 0x1000]: failed to assign
2025-03-28T15:01:37.344899+00:00 rajesh kernel: pci 0000:00:17.4: bridge window [io  size 0x1000]: can't assign; no space
2025-03-28T15:01:37.344901+00:00 rajesh kernel: pci 0000:00:17.4: bridge window [io  size 0x1000]: failed to assign
2025-03-28T15:01:37.344904+00:00 rajesh kernel: pci 0000:00:17.5: bridge window [io  size 0x1000]: can't assign; no space
2025-03-28T15:01:37.344906+00:00 rajesh kernel: pci 0000:00:17.5: bridge window [io  size 0x1000]: failed to assign
2025-03-28T15:01:37.344909+00:00 rajesh kernel: pci 0000:00:17.6: bridge window [io  size 0x1000]: can't assign; no space
2025-03-28T15:01:37.344911+00:00 rajesh kernel: pci 0000:00:17.6: bridge window [io  size 0x1000]: failed to assign
2025-03-28T15:01:37.344913+00:00 rajesh kernel: pci 0000:00:17.7: bridge window [io  size 0x1000]: can't assign; no space
2025-03-28T15:01:37.344915+00:00 rajesh kernel: pci 0000:00:17.7: bridge window [io  size 0x1000]: failed to assign
2025-03-28T15:01:37.344917+00:00 rajesh kernel: pci 0000:00:18.2: bridge window [io  size 0x1000]: can't assign; no space
2025-03-28T15:01:37.344920+00:00 rajesh kernel: pci 0000:00:18.2: bridge window [io  size 0x1000]: failed to assign
2025-03-28T15:01:37.344922+00:00 rajesh kernel: pci 0000:00:18.3: bridge window [io  size 0x1000]: can't assign; no space
2025-03-28T15:01:37.344924+00:00 rajesh kernel: pci 0000:00:18.3: bridge window [io  size 0x1000]: failed to assign
2025-03-28T15:01:37.344927+00:00 rajesh kernel: pci 0000:00:18.4: bridge window [io  size 0x1000]: can't assign; no space
2025-03-28T15:01:37.344929+00:00 rajesh kernel: pci 0000:00:18.4: bridge window [io  size 0x1000]: failed to assign
2025-03-28T15:01:37.344931+00:00 rajesh kernel: pci 0000:00:18.5: bridge window [io  size 0x1000]: can't assign; no space
2025-03-28T15:01:37.344934+00:00 rajesh kernel: pci 0000:00:18.5: bridge window [io  size 0x1000]: failed to assign
2025-03-28T15:01:37.344936+00:00 rajesh kernel: pci 0000:00:18.6: bridge window [io  size 0x1000]: can't assign; no space
2025-03-28T15:01:37.344938+00:00 rajesh kernel: pci 0000:00:18.6: bridge window [io  size 0x1000]: failed to assign
2025-03-28T15:01:37.344940+00:00 rajesh kernel: pci 0000:00:18.7: bridge window [io  size 0x1000]: can't assign; no space
2025-03-28T15:01:37.344942+00:00 rajesh kernel: pci 0000:00:18.7: bridge window [io  size 0x1000]: failed to assign
2025-03-28T15:01:37.344945+00:00 rajesh kernel: pci 0000:00:18.7: bridge window [io  size 0x1000]: can't assign; no space
2025-03-28T15:01:37.344947+00:00 rajesh kernel: pci 0000:00:18.7: bridge window [io  size 0x1000]: failed to assign
2025-03-28T15:01:37.344949+00:00 rajesh kernel: pci 0000:00:18.6: bridge window [io  size 0x1000]: can't assign; no space
2025-03-28T15:01:37.344952+00:00 rajesh kernel: pci 0000:00:18.6: bridge window [io  size 0x1000]: failed to assign
2025-03-28T15:01:37.344954+00:00 rajesh kernel: pci 0000:00:18.5: bridge window [io  size 0x1000]: can't assign; no space
2025-03-28T15:01:37.344956+00:00 rajesh kernel: pci 0000:00:18.5: bridge window [io  size 0x1000]: failed to assign
2025-03-28T15:01:37.345177+00:00 rajesh kernel: pci 0000:00:18.4: bridge window [io  size 0x1000]: can't assign; no space
2025-03-28T15:01:37.345185+00:00 rajesh kernel: pci 0000:00:18.4: bridge window [io  size 0x1000]: failed to assign
2025-03-28T15:01:37.345187+00:00 rajesh kernel: pci 0000:00:18.3: bridge window [io  size 0x1000]: can't assign; no space
2025-03-28T15:01:37.345190+00:00 rajesh kernel: pci 0000:00:18.3: bridge window [io  size 0x1000]: failed to assign
2025-03-28T15:01:37.345192+00:00 rajesh kernel: pci 0000:00:18.2: bridge window [io  size 0x1000]: can't assign; no space
2025-03-28T15:01:37.345194+00:00 rajesh kernel: pci 0000:00:18.2: bridge window [io  size 0x1000]: failed to assign
2025-03-28T15:01:37.345197+00:00 rajesh kernel: pci 0000:00:17.7: bridge window [io  size 0x1000]: can't assign; no space
2025-03-28T15:01:37.345199+00:00 rajesh kernel: pci 0000:00:17.7: bridge window [io  size 0x1000]: failed to assign
2025-03-28T15:01:37.345201+00:00 rajesh kernel: pci 0000:00:17.6: bridge window [io  size 0x1000]: can't assign; no space
2025-03-28T15:01:37.345204+00:00 rajesh kernel: pci 0000:00:17.6: bridge window [io  size 0x1000]: failed to assign
2025-03-28T15:01:37.345206+00:00 rajesh kernel: pci 0000:00:17.5: bridge window [io  size 0x1000]: can't assign; no space
2025-03-28T15:01:37.345209+00:00 rajesh kernel: pci 0000:00:17.5: bridge window [io  size 0x1000]: failed to assign
2025-03-28T15:01:37.345212+00:00 rajesh kernel: pci 0000:00:17.4: bridge window [io  size 0x1000]: can't assign; no space
2025-03-28T15:01:37.345214+00:00 rajesh kernel: pci 0000:00:17.4: bridge window [io  size 0x1000]: failed to assign
2025-03-28T15:01:37.345217+00:00 rajesh kernel: pci 0000:00:17.3: bridge window [io  size 0x1000]: can't assign; no space
2025-03-28T15:01:37.345219+00:00 rajesh kernel: pci 0000:00:17.3: bridge window [io  size 0x1000]: failed to assign
2025-03-28T15:01:37.345222+00:00 rajesh kernel: pci 0000:00:16.7: bridge window [io  size 0x1000]: can't assign; no space
2025-03-28T15:01:37.345224+00:00 rajesh kernel: pci 0000:00:16.7: bridge window [io  size 0x1000]: failed to assign
